09:36:28 **** Incremental Build of configuration Debug for project timer_interupt ****
make -j8 all 
arm-none-eabi-gcc "C:/Users/taitr/STM32Cube/Repository/STM32Cube_FW_F1_V1.8.4/Drivers/STM32F1xx_HAL_Driver/Src/stm32f1xx_hal.c" -mcpu=cortex-m3 -std=gnu11 -g3 -DDEBUG -DUSE_HAL_DRIVER -DSTM32F103x6 -c -I../Core/Inc -IC:/Users/taitr/STM32Cube/Repository/STM32Cube_FW_F1_V1.8.4/Drivers/STM32F1xx_HAL_Driver/Inc -IC:/Users/taitr/STM32Cube/Repository/STM32Cube_FW_F1_V1.8.4/Drivers/STM32F1xx_HAL_Driver/Inc/Legacy -IC:/Users/taitr/STM32Cube/Repository/STM32Cube_FW_F1_V1.8.4/Drivers/CMSIS/Device/ST/STM32F1xx/Include -IC:/Users/taitr/STM32Cube/Repository/STM32Cube_FW_F1_V1.8.4/Drivers/CMSIS/Include -O0 -ffunction-sections -fdata-sections -Wall -fstack-usage -MMD -MP -MF"Drivers/STM32F1xx_HAL_Driver/stm32f1xx_hal.d" -MT"Drivers/STM32F1xx_HAL_Driver/stm32f1xx_hal.o" --specs=nano.specs -mfloat-abi=soft -mthumb -o "Drivers/STM32F1xx_HAL_Driver/stm32f1xx_hal.o"
arm-none-eabi-gcc "C:/Users/taitr/STM32Cube/Repository/STM32Cube_FW_F1_V1.8.4/Drivers/STM32F1xx_HAL_Driver/Src/stm32f1xx_hal_adc.c" -mcpu=cortex-m3 -std=gnu11 -g3 -DDEBUG -DUSE_HAL_DRIVER -DSTM32F103x6 -c -I../Core/Inc -IC:/Users/taitr/STM32Cube/Repository/STM32Cube_FW_F1_V1.8.4/Drivers/STM32F1xx_HAL_Driver/Inc -IC:/Users/taitr/STM32Cube/Repository/STM32Cube_FW_F1_V1.8.4/Drivers/STM32F1xx_HAL_Driver/Inc/Legacy -IC:/Users/taitr/STM32Cube/Repository/STM32Cube_FW_F1_V1.8.4/Drivers/CMSIS/Device/ST/STM32F1xx/Include -IC:/Users/taitr/STM32Cube/Repository/STM32Cube_FW_F1_V1.8.4/Drivers/CMSIS/Include -O0 -ffunction-sections -fdata-sections -Wall -fstack-usage -MMD -MP -MF"Drivers/STM32F1xx_HAL_Driver/stm32f1xx_hal_adc.d" -MT"Drivers/STM32F1xx_HAL_Driver/stm32f1xx_hal_adc.o" --specs=nano.specs -mfloat-abi=soft -mthumb -o "Drivers/STM32F1xx_HAL_Driver/stm32f1xx_hal_adc.o"
arm-none-eabi-gcc "C:/Users/taitr/STM32Cube/Repository/STM32Cube_FW_F1_V1.8.4/Drivers/STM32F1xx_HAL_Driver/Src/stm32f1xx_hal_adc_ex.c" -mcpu=cortex-m3 -std=gnu11 -g3 -DDEBUG -DUSE_HAL_DRIVER -DSTM32F103x6 -c -I../Core/Inc -IC:/Users/taitr/STM32Cube/Repository/STM32Cube_FW_F1_V1.8.4/Drivers/STM32F1xx_HAL_Driver/Inc -IC:/Users/taitr/STM32Cube/Repository/STM32Cube_FW_F1_V1.8.4/Drivers/STM32F1xx_HAL_Driver/Inc/Legacy -IC:/Users/taitr/STM32Cube/Repository/STM32Cube_FW_F1_V1.8.4/Drivers/CMSIS/Device/ST/STM32F1xx/Include -IC:/Users/taitr/STM32Cube/Repository/STM32Cube_FW_F1_V1.8.4/Drivers/CMSIS/Include -O0 -ffunction-sections -fdata-sections -Wall -fstack-usage -MMD -MP -MF"Drivers/STM32F1xx_HAL_Driver/stm32f1xx_hal_adc_ex.d" -MT"Drivers/STM32F1xx_HAL_Driver/stm32f1xx_hal_adc_ex.o" --specs=nano.specs -mfloat-abi=soft -mthumb -o "Drivers/STM32F1xx_HAL_Driver/stm32f1xx_hal_adc_ex.o"
arm-none-eabi-gcc "C:/Users/taitr/STM32Cube/Repository/STM32Cube_FW_F1_V1.8.4/Drivers/STM32F1xx_HAL_Driver/Src/stm32f1xx_hal_cortex.c" -mcpu=cortex-m3 -std=gnu11 -g3 -DDEBUG -DUSE_HAL_DRIVER -DSTM32F103x6 -c -I../Core/Inc -IC:/Users/taitr/STM32Cube/Repository/STM32Cube_FW_F1_V1.8.4/Drivers/STM32F1xx_HAL_Driver/Inc -IC:/Users/taitr/STM32Cube/Repository/STM32Cube_FW_F1_V1.8.4/Drivers/STM32F1xx_HAL_Driver/Inc/Legacy -IC:/Users/taitr/STM32Cube/Repository/STM32Cube_FW_F1_V1.8.4/Drivers/CMSIS/Device/ST/STM32F1xx/Include -IC:/Users/taitr/STM32Cube/Repository/STM32Cube_FW_F1_V1.8.4/Drivers/CMSIS/Include -O0 -ffunction-sections -fdata-sections -Wall -fstack-usage -MMD -MP -MF"Drivers/STM32F1xx_HAL_Driver/stm32f1xx_hal_cortex.d" -MT"Drivers/STM32F1xx_HAL_Driver/stm32f1xx_hal_cortex.o" --specs=nano.specs -mfloat-abi=soft -mthumb -o "Drivers/STM32F1xx_HAL_Driver/stm32f1xx_hal_cortex.o"
arm-none-eabi-gcc "C:/Users/taitr/STM32Cube/Repository/STM32Cube_FW_F1_V1.8.4/Drivers/STM32F1xx_HAL_Driver/Src/stm32f1xx_hal_dma.c" -mcpu=cortex-m3 -std=gnu11 -g3 -DDEBUG -DUSE_HAL_DRIVER -DSTM32F103x6 -c -I../Core/Inc -IC:/Users/taitr/STM32Cube/Repository/STM32Cube_FW_F1_V1.8.4/Drivers/STM32F1xx_HAL_Driver/Inc -IC:/Users/taitr/STM32Cube/Repository/STM32Cube_FW_F1_V1.8.4/Drivers/STM32F1xx_HAL_Driver/Inc/Legacy -IC:/Users/taitr/STM32Cube/Repository/STM32Cube_FW_F1_V1.8.4/Drivers/CMSIS/Device/ST/STM32F1xx/Include -IC:/Users/taitr/STM32Cube/Repository/STM32Cube_FW_F1_V1.8.4/Drivers/CMSIS/Include -O0 -ffunction-sections -fdata-sections -Wall -fstack-usage -MMD -MP -MF"Drivers/STM32F1xx_HAL_Driver/stm32f1xx_hal_dma.d" -MT"Drivers/STM32F1xx_HAL_Driver/stm32f1xx_hal_dma.o" --specs=nano.specs -mfloat-abi=soft -mthumb -o "Drivers/STM32F1xx_HAL_Driver/stm32f1xx_hal_dma.o"
arm-none-eabi-gcc "C:/Users/taitr/STM32Cube/Repository/STM32Cube_FW_F1_V1.8.4/Drivers/STM32F1xx_HAL_Driver/Src/stm32f1xx_hal_exti.c" -mcpu=cortex-m3 -std=gnu11 -g3 -DDEBUG -DUSE_HAL_DRIVER -DSTM32F103x6 -c -I../Core/Inc -IC:/Users/taitr/STM32Cube/Repository/STM32Cube_FW_F1_V1.8.4/Drivers/STM32F1xx_HAL_Driver/Inc -IC:/Users/taitr/STM32Cube/Repository/STM32Cube_FW_F1_V1.8.4/Drivers/STM32F1xx_HAL_Driver/Inc/Legacy -IC:/Users/taitr/STM32Cube/Repository/STM32Cube_FW_F1_V1.8.4/Drivers/CMSIS/Device/ST/STM32F1xx/Include -IC:/Users/taitr/STM32Cube/Repository/STM32Cube_FW_F1_V1.8.4/Drivers/CMSIS/Include -O0 -ffunction-sections -fdata-sections -Wall -fstack-usage -MMD -MP -MF"Drivers/STM32F1xx_HAL_Driver/stm32f1xx_hal_exti.d" -MT"Drivers/STM32F1xx_HAL_Driver/stm32f1xx_hal_exti.o" --specs=nano.specs -mfloat-abi=soft -mthumb -o "Drivers/STM32F1xx_HAL_Driver/stm32f1xx_hal_exti.o"
arm-none-eabi-gcc "C:/Users/taitr/STM32Cube/Repository/STM32Cube_FW_F1_V1.8.4/Drivers/STM32F1xx_HAL_Driver/Src/stm32f1xx_hal_flash.c" -mcpu=cortex-m3 -std=gnu11 -g3 -DDEBUG -DUSE_HAL_DRIVER -DSTM32F103x6 -c -I../Core/Inc -IC:/Users/taitr/STM32Cube/Repository/STM32Cube_FW_F1_V1.8.4/Drivers/STM32F1xx_HAL_Driver/Inc -IC:/Users/taitr/STM32Cube/Repository/STM32Cube_FW_F1_V1.8.4/Drivers/STM32F1xx_HAL_Driver/Inc/Legacy -IC:/Users/taitr/STM32Cube/Repository/STM32Cube_FW_F1_V1.8.4/Drivers/CMSIS/Device/ST/STM32F1xx/Include -IC:/Users/taitr/STM32Cube/Repository/STM32Cube_FW_F1_V1.8.4/Drivers/CMSIS/Include -O0 -ffunction-sections -fdata-sections -Wall -fstack-usage -MMD -MP -MF"Drivers/STM32F1xx_HAL_Driver/stm32f1xx_hal_flash.d" -MT"Drivers/STM32F1xx_HAL_Driver/stm32f1xx_hal_flash.o" --specs=nano.specs -mfloat-abi=soft -mthumb -o "Drivers/STM32F1xx_HAL_Driver/stm32f1xx_hal_flash.o"
arm-none-eabi-gcc "C:/Users/taitr/STM32Cube/Repository/STM32Cube_FW_F1_V1.8.4/Drivers/STM32F1xx_HAL_Driver/Src/stm32f1xx_hal_flash_ex.c" -mcpu=cortex-m3 -std=gnu11 -g3 -DDEBUG -DUSE_HAL_DRIVER -DSTM32F103x6 -c -I../Core/Inc -IC:/Users/taitr/STM32Cube/Repository/STM32Cube_FW_F1_V1.8.4/Drivers/STM32F1xx_HAL_Driver/Inc -IC:/Users/taitr/STM32Cube/Repository/STM32Cube_FW_F1_V1.8.4/Drivers/STM32F1xx_HAL_Driver/Inc/Legacy -IC:/Users/taitr/STM32Cube/Repository/STM32Cube_FW_F1_V1.8.4/Drivers/CMSIS/Device/ST/STM32F1xx/Include -IC:/Users/taitr/STM32Cube/Repository/STM32Cube_FW_F1_V1.8.4/Drivers/CMSIS/Include -O0 -ffunction-sections -fdata-sections -Wall -fstack-usage -MMD -MP -MF"Drivers/STM32F1xx_HAL_Driver/stm32f1xx_hal_flash_ex.d" -MT"Drivers/STM32F1xx_HAL_Driver/stm32f1xx_hal_flash_ex.o" --specs=nano.specs -mfloat-abi=soft -mthumb -o "Drivers/STM32F1xx_HAL_Driver/stm32f1xx_hal_flash_ex.o"
arm-none-eabi-gcc "C:/Users/taitr/STM32Cube/Repository/STM32Cube_FW_F1_V1.8.4/Drivers/STM32F1xx_HAL_Driver/Src/stm32f1xx_hal_gpio.c" -mcpu=cortex-m3 -std=gnu11 -g3 -DDEBUG -DUSE_HAL_DRIVER -DSTM32F103x6 -c -I../Core/Inc -IC:/Users/taitr/STM32Cube/Repository/STM32Cube_FW_F1_V1.8.4/Drivers/STM32F1xx_HAL_Driver/Inc -IC:/Users/taitr/STM32Cube/Repository/STM32Cube_FW_F1_V1.8.4/Drivers/STM32F1xx_HAL_Driver/Inc/Legacy -IC:/Users/taitr/STM32Cube/Repository/STM32Cube_FW_F1_V1.8.4/Drivers/CMSIS/Device/ST/STM32F1xx/Include -IC:/Users/taitr/STM32Cube/Repository/STM32Cube_FW_F1_V1.8.4/Drivers/CMSIS/Include -O0 -ffunction-sections -fdata-sections -Wall -fstack-usage -MMD -MP -MF"Drivers/STM32F1xx_HAL_Driver/stm32f1xx_hal_gpio.d" -MT"Drivers/STM32F1xx_HAL_Driver/stm32f1xx_hal_gpio.o" --specs=nano.specs -mfloat-abi=soft -mthumb -o "Drivers/STM32F1xx_HAL_Driver/stm32f1xx_hal_gpio.o"
arm-none-eabi-gcc "C:/Users/taitr/STM32Cube/Repository/STM32Cube_FW_F1_V1.8.4/Drivers/STM32F1xx_HAL_Driver/Src/stm32f1xx_hal_gpio_ex.c" -mcpu=cortex-m3 -std=gnu11 -g3 -DDEBUG -DUSE_HAL_DRIVER -DSTM32F103x6 -c -I../Core/Inc -IC:/Users/taitr/STM32Cube/Repository/STM32Cube_FW_F1_V1.8.4/Drivers/STM32F1xx_HAL_Driver/Inc -IC:/Users/taitr/STM32Cube/Repository/STM32Cube_FW_F1_V1.8.4/Drivers/STM32F1xx_HAL_Driver/Inc/Legacy -IC:/Users/taitr/STM32Cube/Repository/STM32Cube_FW_F1_V1.8.4/Drivers/CMSIS/Device/ST/STM32F1xx/Include -IC:/Users/taitr/STM32Cube/Repository/STM32Cube_FW_F1_V1.8.4/Drivers/CMSIS/Include -O0 -ffunction-sections -fdata-sections -Wall -fstack-usage -MMD -MP -MF"Drivers/STM32F1xx_HAL_Driver/stm32f1xx_hal_gpio_ex.d" -MT"Drivers/STM32F1xx_HAL_Driver/stm32f1xx_hal_gpio_ex.o" --specs=nano.specs -mfloat-abi=soft -mthumb -o "Drivers/STM32F1xx_HAL_Driver/stm32f1xx_hal_gpio_ex.o"
arm-none-eabi-gcc "C:/Users/taitr/STM32Cube/Repository/STM32Cube_FW_F1_V1.8.4/Drivers/STM32F1xx_HAL_Driver/Src/stm32f1xx_hal_pwr.c" -mcpu=cortex-m3 -std=gnu11 -g3 -DDEBUG -DUSE_HAL_DRIVER -DSTM32F103x6 -c -I../Core/Inc -IC:/Users/taitr/STM32Cube/Repository/STM32Cube_FW_F1_V1.8.4/Drivers/STM32F1xx_HAL_Driver/Inc -IC:/Users/taitr/STM32Cube/Repository/STM32Cube_FW_F1_V1.8.4/Drivers/STM32F1xx_HAL_Driver/Inc/Legacy -IC:/Users/taitr/STM32Cube/Repository/STM32Cube_FW_F1_V1.8.4/Drivers/CMSIS/Device/ST/STM32F1xx/Include -IC:/Users/taitr/STM32Cube/Repository/STM32Cube_FW_F1_V1.8.4/Drivers/CMSIS/Include -O0 -ffunction-sections -fdata-sections -Wall -fstack-usage -MMD -MP -MF"Drivers/STM32F1xx_HAL_Driver/stm32f1xx_hal_pwr.d" -MT"Drivers/STM32F1xx_HAL_Driver/stm32f1xx_hal_pwr.o" --specs=nano.specs -mfloat-abi=soft -mthumb -o "Drivers/STM32F1xx_HAL_Driver/stm32f1xx_hal_pwr.o"
arm-none-eabi-gcc "C:/Users/taitr/STM32Cube/Repository/STM32Cube_FW_F1_V1.8.4/Drivers/STM32F1xx_HAL_Driver/Src/stm32f1xx_hal_rcc.c" -mcpu=cortex-m3 -std=gnu11 -g3 -DDEBUG -DUSE_HAL_DRIVER -DSTM32F103x6 -c -I../Core/Inc -IC:/Users/taitr/STM32Cube/Repository/STM32Cube_FW_F1_V1.8.4/Drivers/STM32F1xx_HAL_Driver/Inc -IC:/Users/taitr/STM32Cube/Repository/STM32Cube_FW_F1_V1.8.4/Drivers/STM32F1xx_HAL_Driver/Inc/Legacy -IC:/Users/taitr/STM32Cube/Repository/STM32Cube_FW_F1_V1.8.4/Drivers/CMSIS/Device/ST/STM32F1xx/Include -IC:/Users/taitr/STM32Cube/Repository/STM32Cube_FW_F1_V1.8.4/Drivers/CMSIS/Include -O0 -ffunction-sections -fdata-sections -Wall -fstack-usage -MMD -MP -MF"Drivers/STM32F1xx_HAL_Driver/stm32f1xx_hal_rcc.d" -MT"Drivers/STM32F1xx_HAL_Driver/stm32f1xx_hal_rcc.o" --specs=nano.specs -mfloat-abi=soft -mthumb -o "Drivers/STM32F1xx_HAL_Driver/stm32f1xx_hal_rcc.o"
arm-none-eabi-gcc "C:/Users/taitr/STM32Cube/Repository/STM32Cube_FW_F1_V1.8.4/Drivers/STM32F1xx_HAL_Driver/Src/stm32f1xx_hal_rcc_ex.c" -mcpu=cortex-m3 -std=gnu11 -g3 -DDEBUG -DUSE_HAL_DRIVER -DSTM32F103x6 -c -I../Core/Inc -IC:/Users/taitr/STM32Cube/Repository/STM32Cube_FW_F1_V1.8.4/Drivers/STM32F1xx_HAL_Driver/Inc -IC:/Users/taitr/STM32Cube/Repository/STM32Cube_FW_F1_V1.8.4/Drivers/STM32F1xx_HAL_Driver/Inc/Legacy -IC:/Users/taitr/STM32Cube/Repository/STM32Cube_FW_F1_V1.8.4/Drivers/CMSIS/Device/ST/STM32F1xx/Include -IC:/Users/taitr/STM32Cube/Repository/STM32Cube_FW_F1_V1.8.4/Drivers/CMSIS/Include -O0 -ffunction-sections -fdata-sections -Wall -fstack-usage -MMD -MP -MF"Drivers/STM32F1xx_HAL_Driver/stm32f1xx_hal_rcc_ex.d" -MT"Drivers/STM32F1xx_HAL_Driver/stm32f1xx_hal_rcc_ex.o" --specs=nano.specs -mfloat-abi=soft -mthumb -o "Drivers/STM32F1xx_HAL_Driver/stm32f1xx_hal_rcc_ex.o"
arm-none-eabi-gcc "C:/Users/taitr/STM32Cube/Repository/STM32Cube_FW_F1_V1.8.4/Drivers/STM32F1xx_HAL_Driver/Src/stm32f1xx_hal_tim.c" -mcpu=cortex-m3 -std=gnu11 -g3 -DDEBUG -DUSE_HAL_DRIVER -DSTM32F103x6 -c -I../Core/Inc -IC:/Users/taitr/STM32Cube/Repository/STM32Cube_FW_F1_V1.8.4/Drivers/STM32F1xx_HAL_Driver/Inc -IC:/Users/taitr/STM32Cube/Repository/STM32Cube_FW_F1_V1.8.4/Drivers/STM32F1xx_HAL_Driver/Inc/Legacy -IC:/Users/taitr/STM32Cube/Repository/STM32Cube_FW_F1_V1.8.4/Drivers/CMSIS/Device/ST/STM32F1xx/Include -IC:/Users/taitr/STM32Cube/Repository/STM32Cube_FW_F1_V1.8.4/Drivers/CMSIS/Include -O0 -ffunction-sections -fdata-sections -Wall -fstack-usage -MMD -MP -MF"Drivers/STM32F1xx_HAL_Driver/stm32f1xx_hal_tim.d" -MT"Drivers/STM32F1xx_HAL_Driver/stm32f1xx_hal_tim.o" --specs=nano.specs -mfloat-abi=soft -mthumb -o "Drivers/STM32F1xx_HAL_Driver/stm32f1xx_hal_tim.o"
arm-none-eabi-gcc "C:/Users/taitr/STM32Cube/Repository/STM32Cube_FW_F1_V1.8.4/Drivers/STM32F1xx_HAL_Driver/Src/stm32f1xx_hal_tim_ex.c" -mcpu=cortex-m3 -std=gnu11 -g3 -DDEBUG -DUSE_HAL_DRIVER -DSTM32F103x6 -c -I../Core/Inc -IC:/Users/taitr/STM32Cube/Repository/STM32Cube_FW_F1_V1.8.4/Drivers/STM32F1xx_HAL_Driver/Inc -IC:/Users/taitr/STM32Cube/Repository/STM32Cube_FW_F1_V1.8.4/Drivers/STM32F1xx_HAL_Driver/Inc/Legacy -IC:/Users/taitr/STM32Cube/Repository/STM32Cube_FW_F1_V1.8.4/Drivers/CMSIS/Device/ST/STM32F1xx/Include -IC:/Users/taitr/STM32Cube/Repository/STM32Cube_FW_F1_V1.8.4/Drivers/CMSIS/Include -O0 -ffunction-sections -fdata-sections -Wall -fstack-usage -MMD -MP -MF"Drivers/STM32F1xx_HAL_Driver/stm32f1xx_hal_tim_ex.d" -MT"Drivers/STM32F1xx_HAL_Driver/stm32f1xx_hal_tim_ex.o" --specs=nano.specs -mfloat-abi=soft -mthumb -o "Drivers/STM32F1xx_HAL_Driver/stm32f1xx_hal_tim_ex.o"
arm-none-eabi-gcc "C:/Users/taitr/STM32Cube/Repository/STM32Cube_FW_F1_V1.8.4/Drivers/STM32F1xx_HAL_Driver/Src/stm32f1xx_hal_uart.c" -mcpu=cortex-m3 -std=gnu11 -g3 -DDEBUG -DUSE_HAL_DRIVER -DSTM32F103x6 -c -I../Core/Inc -IC:/Users/taitr/STM32Cube/Repository/STM32Cube_FW_F1_V1.8.4/Drivers/STM32F1xx_HAL_Driver/Inc -IC:/Users/taitr/STM32Cube/Repository/STM32Cube_FW_F1_V1.8.4/Drivers/STM32F1xx_HAL_Driver/Inc/Legacy -IC:/Users/taitr/STM32Cube/Repository/STM32Cube_FW_F1_V1.8.4/Drivers/CMSIS/Device/ST/STM32F1xx/Include -IC:/Users/taitr/STM32Cube/Repository/STM32Cube_FW_F1_V1.8.4/Drivers/CMSIS/Include -O0 -ffunction-sections -fdata-sections -Wall -fstack-usage -MMD -MP -MF"Drivers/STM32F1xx_HAL_Driver/stm32f1xx_hal_uart.d" -MT"Drivers/STM32F1xx_HAL_Driver/stm32f1xx_hal_uart.o" --specs=nano.specs -mfloat-abi=soft -mthumb -o "Drivers/STM32F1xx_HAL_Driver/stm32f1xx_hal_uart.o"
arm-none-eabi-gcc "../Core/Src/INC_BUTTON.c" -mcpu=cortex-m3 -std=gnu11 -g3 -DDEBUG -DUSE_HAL_DRIVER -DSTM32F103x6 -c -I../Core/Inc -IC:/Users/taitr/STM32Cube/Repository/STM32Cube_FW_F1_V1.8.4/Drivers/STM32F1xx_HAL_Driver/Inc -IC:/Users/taitr/STM32Cube/Repository/STM32Cube_FW_F1_V1.8.4/Drivers/STM32F1xx_HAL_Driver/Inc/Legacy -IC:/Users/taitr/STM32Cube/Repository/STM32Cube_FW_F1_V1.8.4/Drivers/CMSIS/Device/ST/STM32F1xx/Include -IC:/Users/taitr/STM32Cube/Repository/STM32Cube_FW_F1_V1.8.4/Drivers/CMSIS/Include -O0 -ffunction-sections -fdata-sections -Wall -fstack-usage -MMD -MP -MF"Core/Src/INC_BUTTON.d" -MT"Core/Src/INC_BUTTON.o" --specs=nano.specs -mfloat-abi=soft -mthumb -o "Core/Src/INC_BUTTON.o"
arm-none-eabi-gcc "../Core/Src/fsm_automatic.c" -mcpu=cortex-m3 -std=gnu11 -g3 -DDEBUG -DUSE_HAL_DRIVER -DSTM32F103x6 -c -I../Core/Inc -IC:/Users/taitr/STM32Cube/Repository/STM32Cube_FW_F1_V1.8.4/Drivers/STM32F1xx_HAL_Driver/Inc -IC:/Users/taitr/STM32Cube/Repository/STM32Cube_FW_F1_V1.8.4/Drivers/STM32F1xx_HAL_Driver/Inc/Legacy -IC:/Users/taitr/STM32Cube/Repository/STM32Cube_FW_F1_V1.8.4/Drivers/CMSIS/Device/ST/STM32F1xx/Include -IC:/Users/taitr/STM32Cube/Repository/STM32Cube_FW_F1_V1.8.4/Drivers/CMSIS/Include -O0 -ffunction-sections -fdata-sections -Wall -fstack-usage -MMD -MP -MF"Core/Src/fsm_automatic.d" -MT"Core/Src/fsm_automatic.o" --specs=nano.specs -mfloat-abi=soft -mthumb -o "Core/Src/fsm_automatic.o"
arm-none-eabi-gcc "../Core/Src/fsm_manual.c" -mcpu=cortex-m3 -std=gnu11 -g3 -DDEBUG -DUSE_HAL_DRIVER -DSTM32F103x6 -c -I../Core/Inc -IC:/Users/taitr/STM32Cube/Repository/STM32Cube_FW_F1_V1.8.4/Drivers/STM32F1xx_HAL_Driver/Inc -IC:/Users/taitr/STM32Cube/Repository/STM32Cube_FW_F1_V1.8.4/Drivers/STM32F1xx_HAL_Driver/Inc/Legacy -IC:/Users/taitr/STM32Cube/Repository/STM32Cube_FW_F1_V1.8.4/Drivers/CMSIS/Device/ST/STM32F1xx/Include -IC:/Users/taitr/STM32Cube/Repository/STM32Cube_FW_F1_V1.8.4/Drivers/CMSIS/Include -O0 -ffunction-sections -fdata-sections -Wall -fstack-usage -MMD -MP -MF"Core/Src/fsm_manual.d" -MT"Core/Src/fsm_manual.o" --specs=nano.specs -mfloat-abi=soft -mthumb -o "Core/Src/fsm_manual.o"
arm-none-eabi-gcc "../Core/Src/main.c" -mcpu=cortex-m3 -std=gnu11 -g3 -DDEBUG -DUSE_HAL_DRIVER -DSTM32F103x6 -c -I../Core/Inc -IC:/Users/taitr/STM32Cube/Repository/STM32Cube_FW_F1_V1.8.4/Drivers/STM32F1xx_HAL_Driver/Inc -IC:/Users/taitr/STM32Cube/Repository/STM32Cube_FW_F1_V1.8.4/Drivers/STM32F1xx_HAL_Driver/Inc/Legacy -IC:/Users/taitr/STM32Cube/Repository/STM32Cube_FW_F1_V1.8.4/Drivers/CMSIS/Device/ST/STM32F1xx/Include -IC:/Users/taitr/STM32Cube/Repository/STM32Cube_FW_F1_V1.8.4/Drivers/CMSIS/Include -O0 -ffunction-sections -fdata-sections -Wall -fstack-usage -MMD -MP -MF"Core/Src/main.d" -MT"Core/Src/main.o" --specs=nano.specs -mfloat-abi=soft -mthumb -o "Core/Src/main.o"
arm-none-eabi-gcc "../Core/Src/scheduler.c" -mcpu=cortex-m3 -std=gnu11 -g3 -DDEBUG -DUSE_HAL_DRIVER -DSTM32F103x6 -c -I../Core/Inc -IC:/Users/taitr/STM32Cube/Repository/STM32Cube_FW_F1_V1.8.4/Drivers/STM32F1xx_HAL_Driver/Inc -IC:/Users/taitr/STM32Cube/Repository/STM32Cube_FW_F1_V1.8.4/Drivers/STM32F1xx_HAL_Driver/Inc/Legacy -IC:/Users/taitr/STM32Cube/Repository/STM32Cube_FW_F1_V1.8.4/Drivers/CMSIS/Device/ST/STM32F1xx/Include -IC:/Users/taitr/STM32Cube/Repository/STM32Cube_FW_F1_V1.8.4/Drivers/CMSIS/Include -O0 -ffunction-sections -fdata-sections -Wall -fstack-usage -MMD -MP -MF"Core/Src/scheduler.d" -MT"Core/Src/scheduler.o" --specs=nano.specs -mfloat-abi=soft -mthumb -o "Core/Src/scheduler.o"
arm-none-eabi-gcc "../Core/Src/stm32f1xx_hal_msp.c" -mcpu=cortex-m3 -std=gnu11 -g3 -DDEBUG -DUSE_HAL_DRIVER -DSTM32F103x6 -c -I../Core/Inc -IC:/Users/taitr/STM32Cube/Repository/STM32Cube_FW_F1_V1.8.4/Drivers/STM32F1xx_HAL_Driver/Inc -IC:/Users/taitr/STM32Cube/Repository/STM32Cube_FW_F1_V1.8.4/Drivers/STM32F1xx_HAL_Driver/Inc/Legacy -IC:/Users/taitr/STM32Cube/Repository/STM32Cube_FW_F1_V1.8.4/Drivers/CMSIS/Device/ST/STM32F1xx/Include -IC:/Users/taitr/STM32Cube/Repository/STM32Cube_FW_F1_V1.8.4/Drivers/CMSIS/Include -O0 -ffunction-sections -fdata-sections -Wall -fstack-usage -MMD -MP -MF"Core/Src/stm32f1xx_hal_msp.d" -MT"Core/Src/stm32f1xx_hal_msp.o" --specs=nano.specs -mfloat-abi=soft -mthumb -o "Core/Src/stm32f1xx_hal_msp.o"
../Core/Src/main.c: In function 'main':
../Core/Src/main.c:120:32: warning: pointer targets in passing argument 2 of 'HAL_UART_Transmit' differ in signedness [-Wpointer-sign]
  120 |     HAL_UART_Transmit(&huart2, str, sprintf(str, "%d abcs",time), 1000);
      |                                ^~~
      |                                |
      |                                char *
In file included from ../Core/Inc/stm32f1xx_hal_conf.h:337,
                 from C:/Users/taitr/STM32Cube/Repository/STM32Cube_FW_F1_V1.8.4/Drivers/STM32F1xx_HAL_Driver/Inc/stm32f1xx_hal.h:30,
                 from ../Core/Inc/main.h:31,
                 from ../Core/Src/main.c:21:
C:/Users/taitr/STM32Cube/Repository/STM32Cube_FW_F1_V1.8.4/Drivers/STM32F1xx_HAL_Driver/Inc/stm32f1xx_hal_uart.h:725:73: note: expected 'uint8_t *' {aka 'unsigned char *'} but argument is of type 'char *'
  725 | HAL_StatusTypeDef HAL_UART_Transmit(UART_HandleTypeDef *huart, uint8_t *pData, uint16_t Size, uint32_t Timeout);
      |                                                                ~~~~~~~~~^~~~~
arm-none-eabi-gcc "../Core/Src/stm32f1xx_it.c" -mcpu=cortex-m3 -std=gnu11 -g3 -DDEBUG -DUSE_HAL_DRIVER -DSTM32F103x6 -c -I../Core/Inc -IC:/Users/taitr/STM32Cube/Repository/STM32Cube_FW_F1_V1.8.4/Drivers/STM32F1xx_HAL_Driver/Inc -IC:/Users/taitr/STM32Cube/Repository/STM32Cube_FW_F1_V1.8.4/Drivers/STM32F1xx_HAL_Driver/Inc/Legacy -IC:/Users/taitr/STM32Cube/Repository/STM32Cube_FW_F1_V1.8.4/Drivers/CMSIS/Device/ST/STM32F1xx/Include -IC:/Users/taitr/STM32Cube/Repository/STM32Cube_FW_F1_V1.8.4/Drivers/CMSIS/Include -O0 -ffunction-sections -fdata-sections -Wall -fstack-usage -MMD -MP -MF"Core/Src/stm32f1xx_it.d" -MT"Core/Src/stm32f1xx_it.o" --specs=nano.specs -mfloat-abi=soft -mthumb -o "Core/Src/stm32f1xx_it.o"
arm-none-eabi-gcc "../Core/Src/system_stm32f1xx.c" -mcpu=cortex-m3 -std=gnu11 -g3 -DDEBUG -DUSE_HAL_DRIVER -DSTM32F103x6 -c -I../Core/Inc -IC:/Users/taitr/STM32Cube/Repository/STM32Cube_FW_F1_V1.8.4/Drivers/STM32F1xx_HAL_Driver/Inc -IC:/Users/taitr/STM32Cube/Repository/STM32Cube_FW_F1_V1.8.4/Drivers/STM32F1xx_HAL_Driver/Inc/Legacy -IC:/Users/taitr/STM32Cube/Repository/STM32Cube_FW_F1_V1.8.4/Drivers/CMSIS/Device/ST/STM32F1xx/Include -IC:/Users/taitr/STM32Cube/Repository/STM32Cube_FW_F1_V1.8.4/Drivers/CMSIS/Include -O0 -ffunction-sections -fdata-sections -Wall -fstack-usage -MMD -MP -MF"Core/Src/system_stm32f1xx.d" -MT"Core/Src/system_stm32f1xx.o" --specs=nano.specs -mfloat-abi=soft -mthumb -o "Core/Src/system_stm32f1xx.o"
arm-none-eabi-gcc -o "timer_interupt.elf" @"objects.list"   -mcpu=cortex-m3 -T"C:\Users\taitr\OneDrive\Documents\MCU\Lab4\timer_interupt\STM32F103C6UX_FLASH.ld" --specs=nosys.specs -Wl,-Map="timer_interupt.map" -Wl,--gc-sections -static --specs=nano.specs -mfloat-abi=soft -mthumb -Wl,--start-group -lc -lm -Wl,--end-group
Finished building target: timer_interupt.elf
 
arm-none-eabi-size   timer_interupt.elf 
arm-none-eabi-objdump -h -S  timer_interupt.elf  > "timer_interupt.list"
arm-none-eabi-objcopy  -O ihex  timer_interupt.elf  "timer_interupt.hex"
arm-none-eabi-objcopy  -O binary  timer_interupt.elf  "timer_interupt.bin"
   text	   data	    bss	    dec	    hex	filename
  12636	    140	   1804	  14580	   38f4	timer_interupt.elf
Finished building: default.size.stdout
 
Finished building: timer_interupt.hex
Finished building: timer_interupt.bin
 
 
Finished building: timer_interupt.list
 
