21:48:27 **** Incremental Build of configuration Debug for project Lab2_Ex3 ****
make -j8 all 
arm-none-eabi-gcc "../Core/Src/updateClockBuffer.c" -mcpu=cortex-m3 -std=gnu11 -g3 -DDEBUG -DUSE_HAL_DRIVER -DSTM32F103x6 -c -I../Core/Inc -I../Drivers/STM32F1xx_HAL_Driver/Inc -I../Drivers/STM32F1xx_HAL_Driver/Inc/Legacy -I../Drivers/CMSIS/Device/ST/STM32F1xx/Include -I../Drivers/CMSIS/Include -O0 -ffunction-sections -fdata-sections -Wall -fstack-usage -MMD -MP -MF"Core/Src/updateClockBuffer.d" -MT"Core/Src/updateClockBuffer.o" --specs=nano.specs -mfloat-abi=soft -mthumb -o "Core/Src/updateClockBuffer.o"
arm-none-eabi-gcc -o "Lab2_Ex3.elf" @"objects.list"   -mcpu=cortex-m3 -T"C:\Users\taitr\OneDrive\Documents\MCU\Lab2\Lab2_Ex3\STM32F103C6UX_FLASH.ld" --specs=nosys.specs -Wl,-Map="Lab2_Ex3.map" -Wl,--gc-sections -static --specs=nano.specs -mfloat-abi=soft -mthumb -Wl,--start-group -lc -lm -Wl,--end-group
Finished building target: Lab2_Ex3.elf
 
arm-none-eabi-size   Lab2_Ex3.elf 
arm-none-eabi-objdump -h -S  Lab2_Ex3.elf  > "Lab2_Ex3.list"
arm-none-eabi-objcopy  -O ihex  Lab2_Ex3.elf  "Lab2_Ex3.hex"
   text	   data	    bss	    dec	    hex	filename
   8372	     36	   1660	  10068	   2754	Lab2_Ex3.elf
arm-none-eabi-objcopy  -O binary  Lab2_Ex3.elf  "Lab2_Ex3.bin"
Finished building: default.size.stdout
 
Finished building: Lab2_Ex3.hex
Finished building: Lab2_Ex3.bin
 
Finished building: Lab2_Ex3.list
 
 

21:48:28 Build Finished. 0 errors, 0 warnings. (took 1s.81ms)

