Archive member included to satisfy reference by file (symbol)

d:/stm32cubeide_1.7.0/stm32cubeide/plugins/com.st.stm32cube.ide.mcu.externaltools.gnu-tools-for-stm32.9-2020-q2-update.win32_2.0.0.202105311346/tools/bin/../lib/gcc/arm-none-eabi/9.3.1/../../../../arm-none-eabi/lib/thumb/v7-m/nofp\libc_nano.a(lib_a-errno.o)
                              ./Core/Src/syscalls.o (__errno)
d:/stm32cubeide_1.7.0/stm32cubeide/plugins/com.st.stm32cube.ide.mcu.externaltools.gnu-tools-for-stm32.9-2020-q2-update.win32_2.0.0.202105311346/tools/bin/../lib/gcc/arm-none-eabi/9.3.1/../../../../arm-none-eabi/lib/thumb/v7-m/nofp\libc_nano.a(lib_a-exit.o)
                              d:/stm32cubeide_1.7.0/stm32cubeide/plugins/com.st.stm32cube.ide.mcu.externaltools.gnu-tools-for-stm32.9-2020-q2-update.win32_2.0.0.202105311346/tools/bin/../lib/gcc/arm-none-eabi/9.3.1/../../../../arm-none-eabi/lib/thumb/v7-m/nofp/crt0.o (exit)
d:/stm32cubeide_1.7.0/stm32cubeide/plugins/com.st.stm32cube.ide.mcu.externaltools.gnu-tools-for-stm32.9-2020-q2-update.win32_2.0.0.202105311346/tools/bin/../lib/gcc/arm-none-eabi/9.3.1/../../../../arm-none-eabi/lib/thumb/v7-m/nofp\libc_nano.a(lib_a-impure.o)
                              d:/stm32cubeide_1.7.0/stm32cubeide/plugins/com.st.stm32cube.ide.mcu.externaltools.gnu-tools-for-stm32.9-2020-q2-update.win32_2.0.0.202105311346/tools/bin/../lib/gcc/arm-none-eabi/9.3.1/../../../../arm-none-eabi/lib/thumb/v7-m/nofp\libc_nano.a(lib_a-exit.o) (_global_impure_ptr)
d:/stm32cubeide_1.7.0/stm32cubeide/plugins/com.st.stm32cube.ide.mcu.externaltools.gnu-tools-for-stm32.9-2020-q2-update.win32_2.0.0.202105311346/tools/bin/../lib/gcc/arm-none-eabi/9.3.1/../../../../arm-none-eabi/lib/thumb/v7-m/nofp\libc_nano.a(lib_a-init.o)
                              d:/stm32cubeide_1.7.0/stm32cubeide/plugins/com.st.stm32cube.ide.mcu.externaltools.gnu-tools-for-stm32.9-2020-q2-update.win32_2.0.0.202105311346/tools/bin/../lib/gcc/arm-none-eabi/9.3.1/../../../../arm-none-eabi/lib/thumb/v7-m/nofp/crt0.o (__libc_init_array)
d:/stm32cubeide_1.7.0/stm32cubeide/plugins/com.st.stm32cube.ide.mcu.externaltools.gnu-tools-for-stm32.9-2020-q2-update.win32_2.0.0.202105311346/tools/bin/../lib/gcc/arm-none-eabi/9.3.1/../../../../arm-none-eabi/lib/thumb/v7-m/nofp\libc_nano.a(lib_a-memset.o)
                              d:/stm32cubeide_1.7.0/stm32cubeide/plugins/com.st.stm32cube.ide.mcu.externaltools.gnu-tools-for-stm32.9-2020-q2-update.win32_2.0.0.202105311346/tools/bin/../lib/gcc/arm-none-eabi/9.3.1/../../../../arm-none-eabi/lib/thumb/v7-m/nofp/crt0.o (memset)

Allocating common symbols
Common symbol       size              file

uwTick              0x4               ./Drivers/STM32F1xx_HAL_Driver/Src/stm32f1xx_hal.o
second              0x4               ./Core/Src/main.o
pFlash              0x20              ./Drivers/STM32F1xx_HAL_Driver/Src/stm32f1xx_hal_flash.o
led_buffer          0x10              ./Core/Src/main.o
button_flag         0x10              ./Core/Src/input_reading.o
htim2               0x48              ./Core/Src/main.o
second1             0x4               ./Core/Src/main.o

Discarded input sections

 .text          0x0000000000000000        0x0 d:/stm32cubeide_1.7.0/stm32cubeide/plugins/com.st.stm32cube.ide.mcu.externaltools.gnu-tools-for-stm32.9-2020-q2-update.win32_2.0.0.202105311346/tools/bin/../lib/gcc/arm-none-eabi/9.3.1/thumb/v7-m/nofp/crti.o
 .data          0x0000000000000000        0x0 d:/stm32cubeide_1.7.0/stm32cubeide/plugins/com.st.stm32cube.ide.mcu.externaltools.gnu-tools-for-stm32.9-2020-q2-update.win32_2.0.0.202105311346/tools/bin/../lib/gcc/arm-none-eabi/9.3.1/thumb/v7-m/nofp/crti.o
 .bss           0x0000000000000000        0x0 d:/stm32cubeide_1.7.0/stm32cubeide/plugins/com.st.stm32cube.ide.mcu.externaltools.gnu-tools-for-stm32.9-2020-q2-update.win32_2.0.0.202105311346/tools/bin/../lib/gcc/arm-none-eabi/9.3.1/thumb/v7-m/nofp/crti.o
 .data          0x0000000000000000        0x4 d:/stm32cubeide_1.7.0/stm32cubeide/plugins/com.st.stm32cube.ide.mcu.externaltools.gnu-tools-for-stm32.9-2020-q2-update.win32_2.0.0.202105311346/tools/bin/../lib/gcc/arm-none-eabi/9.3.1/thumb/v7-m/nofp/crtbegin.o
 .text          0x0000000000000000       0x7c d:/stm32cubeide_1.7.0/stm32cubeide/plugins/com.st.stm32cube.ide.mcu.externaltools.gnu-tools-for-stm32.9-2020-q2-update.win32_2.0.0.202105311346/tools/bin/../lib/gcc/arm-none-eabi/9.3.1/../../../../arm-none-eabi/lib/thumb/v7-m/nofp/crt0.o
 .data          0x0000000000000000        0x0 d:/stm32cubeide_1.7.0/stm32cubeide/plugins/com.st.stm32cube.ide.mcu.externaltools.gnu-tools-for-stm32.9-2020-q2-update.win32_2.0.0.202105311346/tools/bin/../lib/gcc/arm-none-eabi/9.3.1/../../../../arm-none-eabi/lib/thumb/v7-m/nofp/crt0.o
[...]
Memory Configuration

Name             Origin             Length             Attributes
RAM              0x0000000020000000 0x0000000000002800 xrw
FLASH            0x0000000008000000 0x0000000000008000 xr
*default*        0x0000000000000000 0xffffffffffffffff

Linker script and memory map

LOAD d:/stm32cubeide_1.7.0/stm32cubeide/plugins/com.st.stm32cube.ide.mcu.externaltools.gnu-tools-for-stm32.9-2020-q2-update.win32_2.0.0.202105311346/tools/bin/../lib/gcc/arm-none-eabi/9.3.1/thumb/v7-m/nofp/crti.o
LOAD d:/stm32cubeide_1.7.0/stm32cubeide/plugins/com.st.stm32cube.ide.mcu.externaltools.gnu-tools-for-stm32.9-2020-q2-update.win32_2.0.0.202105311346/tools/bin/../lib/gcc/arm-none-eabi/9.3.1/thumb/v7-m/nofp/crtbegin.o
LOAD d:/stm32cubeide_1.7.0/stm32cubeide/plugins/com.st.stm32cube.ide.mcu.externaltools.gnu-tools-for-stm32.9-2020-q2-update.win32_2.0.0.202105311346/tools/bin/../lib/gcc/arm-none-eabi/9.3.1/../../../../arm-none-eabi/lib/thumb/v7-m/nofp/crt0.o
LOAD ./Core/Src/Led7segment.o
LOAD ./Core/Src/Update7Seg.o
LOAD ./Core/Src/fsm1.o
LOAD ./Core/Src/fsm2.o
LOAD ./Core/Src/fsm3.o
LOAD ./Core/Src/global.o
LOAD ./Core/Src/input_processing.o
LOAD ./Core/Src/input_reading.o
LOAD ./Core/Src/main.o
LOAD ./Core/Src/stm32f1xx_hal_msp.o
LOAD ./Core/Src/stm32f1xx_it.o
LOAD ./Core/Src/syscalls.o
LOAD ./Core/Src/sysmem.o
LOAD ./Core/Src/system_stm32f1xx.o
LOAD ./Core/Src/timer.o
LOAD ./Core/Src/updateClockBuffer.o
LOAD ./Core/Startup/startup_stm32f103c6ux.o
LOAD ./Drivers/STM32F1xx_HAL_Driver/Src/stm32f1xx_hal.o
LOAD ./Drivers/STM32F1xx_HAL_Driver/Src/stm32f1xx_hal_cortex.o
LOAD ./Drivers/STM32F1xx_HAL_Driver/Src/stm32f1xx_hal_dma.o
LOAD ./Drivers/STM32F1xx_HAL_Driver/Src/stm32f1xx_hal_exti.o
LOAD ./Drivers/STM32F1xx_HAL_Driver/Src/stm32f1xx_hal_flash.o
LOAD ./Drivers/STM32F1xx_HAL_Driver/Src/stm32f1xx_hal_flash_ex.o
LOAD ./Drivers/STM32F1xx_HAL_Driver/Src/stm32f1xx_hal_gpio.o
LOAD ./Drivers/STM32F1xx_HAL_Driver/Src/stm32f1xx_hal_gpio_ex.o
LOAD ./Drivers/STM32F1xx_HAL_Driver/Src/stm32f1xx_hal_pwr.o
LOAD ./Drivers/STM32F1xx_HAL_Driver/Src/stm32f1xx_hal_rcc.o
LOAD ./Drivers/STM32F1xx_HAL_Driver/Src/stm32f1xx_hal_rcc_ex.o
LOAD ./Drivers/STM32F1xx_HAL_Driver/Src/stm32f1xx_hal_tim.o
LOAD ./Drivers/STM32F1xx_HAL_Driver/Src/stm32f1xx_hal_tim_ex.o
START GROUP
LOAD d:/stm32cubeide_1.7.0/stm32cubeide/plugins/com.st.stm32cube.ide.mcu.externaltools.gnu-tools-for-stm32.9-2020-q2-update.win32_2.0.0.202105311346/tools/bin/../lib/gcc/arm-none-eabi/9.3.1/../../../../arm-none-eabi/lib/thumb/v7-m/nofp\libc_nano.a
LOAD d:/stm32cubeide_1.7.0/stm32cubeide/plugins/com.st.stm32cube.ide.mcu.externaltools.gnu-tools-for-stm32.9-2020-q2-update.win32_2.0.0.202105311346/tools/bin/../lib/gcc/arm-none-eabi/9.3.1/../../../../arm-none-eabi/lib/thumb/v7-m/nofp\libm.a
END GROUP
START GROUP
LOAD d:/stm32cubeide_1.7.0/stm32cubeide/plugins/com.st.stm32cube.ide.mcu.externaltools.gnu-tools-for-stm32.9-2020-q2-update.win32_2.0.0.202105311346/tools/bin/../lib/gcc/arm-none-eabi/9.3.1/thumb/v7-m/nofp\libgcc.a
LOAD d:/stm32cubeide_1.7.0/stm32cubeide/plugins/com.st.stm32cube.ide.mcu.externaltools.gnu-tools-for-stm32.9-2020-q2-update.win32_2.0.0.202105311346/tools/bin/../lib/gcc/arm-none-eabi/9.3.1/../../../../arm-none-eabi/lib/thumb/v7-m/nofp\libc_nano.a
END GROUP
START GROUP
LOAD d:/stm32cubeide_1.7.0/stm32cubeide/plugins/com.st.stm32cube.ide.mcu.externaltools.gnu-tools-for-stm32.9-2020-q2-update.win32_2.0.0.202105311346/tools/bin/../lib/gcc/arm-none-eabi/9.3.1/thumb/v7-m/nofp\libgcc.a
LOAD d:/stm32cubeide_1.7.0/stm32cubeide/plugins/com.st.stm32cube.ide.mcu.externaltools.gnu-tools-for-stm32.9-2020-q2-update.win32_2.0.0.202105311346/tools/bin/../lib/gcc/arm-none-eabi/9.3.1/../../../../arm-none-eabi/lib/thumb/v7-m/nofp\libc_nano.a
LOAD d:/stm32cubeide_1.7.0/stm32cubeide/plugins/com.st.stm32cube.ide.mcu.externaltools.gnu-tools-for-stm32.9-2020-q2-update.win32_2.0.0.202105311346/tools/bin/../lib/gcc/arm-none-eabi/9.3.1/../../../../arm-none-eabi/lib/thumb/v7-m/nofp\libnosys.a
END GROUP
START GROUP
LOAD d:/stm32cubeide_1.7.0/stm32cubeide/plugins/com.st.stm32cube.ide.mcu.externaltools.gnu-tools-for-stm32.9-2020-q2-update.win32_2.0.0.202105311346/tools/bin/../lib/gcc/arm-none-eabi/9.3.1/thumb/v7-m/nofp\libgcc.a
LOAD d:/stm32cubeide_1.7.0/stm32cubeide/plugins/com.st.stm32cube.ide.mcu.externaltools.gnu-tools-for-stm32.9-2020-q2-update.win32_2.0.0.202105311346/tools/bin/../lib/gcc/arm-none-eabi/9.3.1/../../../../arm-none-eabi/lib/thumb/v7-m/nofp\libc_nano.a
LOAD d:/stm32cubeide_1.7.0/stm32cubeide/plugins/com.st.stm32cube.ide.mcu.externaltools.gnu-tools-for-stm32.9-2020-q2-update.win32_2.0.0.202105311346/tools/bin/../lib/gcc/arm-none-eabi/9.3.1/../../../../arm-none-eabi/lib/thumb/v7-m/nofp\libnosys.a
END GROUP
LOAD d:/stm32cubeide_1.7.0/stm32cubeide/plugins/com.st.stm32cube.ide.mcu.externaltools.gnu-tools-for-stm32.9-2020-q2-update.win32_2.0.0.202105311346/tools/bin/../lib/gcc/arm-none-eabi/9.3.1/thumb/v7-m/nofp/crtend.o
LOAD d:/stm32cubeide_1.7.0/stm32cubeide/plugins/com.st.stm32cube.ide.mcu.externaltools.gnu-tools-for-stm32.9-2020-q2-update.win32_2.0.0.202105311346/tools/bin/../lib/gcc/arm-none-eabi/9.3.1/thumb/v7-m/nofp/crtn.o
                0x0000000020002800                _estack = (ORIGIN (RAM) + LENGTH (RAM))
                0x0000000000000200                _Min_Heap_Size = 0x200
                0x0000000000000400                _Min_Stack_Size = 0x400

.isr_vector     0x0000000008000000      0x10c
                0x0000000008000000                . = ALIGN (0x4)
 *(.isr_vector)
 .isr_vector    0x0000000008000000      0x10c ./Core/Startup/startup_stm32f103c6ux.o
                0x0000000008000000                g_pfnVectors
                0x000000000800010c                . = ALIGN (0x4)

.text           0x000000000800010c     0x2754
                0x000000000800010c                . = ALIGN (0x4)
 *(.text)
 .text          0x000000000800010c       0x40 d:/stm32cubeide_1.7.0/stm32cubeide/plugins/com.st.stm32cube.ide.mcu.externaltools.gnu-tools-for-stm32.9-2020-q2-update.win32_2.0.0.202105311346/tools/bin/../lib/gcc/arm-none-eabi/9.3.1/thumb/v7-m/nofp/crtbegin.o
 *(.text*)
 .text.displaySeg7
                0x000000000800014c      0x31c ./Core/Src/Led7segment.o
                0x000000000800014c                displaySeg7
 .text.update7SEG
                0x0000000008000468      0x16c ./Core/Src/Update7Seg.o
                0x0000000008000468                update7SEG
 .text.toogleRed
                0x00000000080005d4       0x2c ./Core/Src/fsm1.o
                0x00000000080005d4                toogleRed
 .text.toogleGreen
                0x0000000008000600       0x2c ./Core/Src/fsm1.o
                0x0000000008000600                toogleGreen
 .text.toogleYellow
                0x000000000800062c       0x2c ./Core/Src/fsm1.o
                0x000000000800062c                toogleYellow
 .text.fsm_automatic_run1
                0x0000000008000658      0x100 ./Core/Src/fsm1.o
                0x0000000008000658                fsm_automatic_run1
 .text.toogleRed1
                0x0000000008000758       0x2c ./Core/Src/fsm2.o
                0x0000000008000758                toogleRed1
 .text.toogleGreen1
                0x0000000008000784       0x2c ./Core/Src/fsm2.o
                0x0000000008000784                toogleGreen1
 .text.toogleYellow1
                0x00000000080007b0       0x2c ./Core/Src/fsm2.o
                0x00000000080007b0                toogleYellow1
 .text.fsm_automatic_run2
                0x00000000080007dc      0x100 ./Core/Src/fsm2.o
                0x00000000080007dc                fsm_automatic_run2
 .text.fsm_automatic_run3
                0x00000000080008dc      0x290 ./Core/Src/fsm3.o
                0x00000000080008dc                fsm_automatic_run3
 .text.subkeyProcess
                0x0000000008000b6c       0x24 ./Core/Src/input_reading.o
                0x0000000008000b6c                subkeyProcess
 .text.button_reading
                0x0000000008000b90      0x140 ./Core/Src/input_reading.o
                0x0000000008000b90                button_reading
 .text.main     0x0000000008000cd0       0x38 ./Core/Src/main.o
                0x0000000008000cd0                main
 .text.SystemClock_Config
                0x0000000008000d08       0x76 ./Core/Src/main.o
                0x0000000008000d08                SystemClock_Config
 *fill*         0x0000000008000d7e        0x2 
 .text.MX_TIM2_Init
                0x0000000008000d80       0x98 ./Core/Src/main.o
 .text.MX_GPIO_Init
                0x0000000008000e18       0xc4 ./Core/Src/main.o
 .text.HAL_TIM_PeriodElapsedCallback
                0x0000000008000edc       0x40 ./Core/Src/main.o
                0x0000000008000edc                HAL_TIM_PeriodElapsedCallback
 .text.Error_Handler
                0x0000000008000f1c        0xa ./Core/Src/main.o
                0x0000000008000f1c                Error_Handler
 *fill*         0x0000000008000f26        0x2 
 .text.HAL_MspInit
                0x0000000008000f28       0x64 ./Core/Src/stm32f1xx_hal_msp.o
                0x0000000008000f28                HAL_MspInit
 .text.HAL_TIM_Base_MspInit
                0x0000000008000f8c       0x48 ./Core/Src/stm32f1xx_hal_msp.o
                0x0000000008000f8c                HAL_TIM_Base_MspInit
 .text.NMI_Handler
                0x0000000008000fd4        0x6 ./Core/Src/stm32f1xx_it.o
                0x0000000008000fd4                NMI_Handler
 .text.HardFault_Handler
                0x0000000008000fda        0x6 ./Core/Src/stm32f1xx_it.o
                0x0000000008000fda                HardFault_Handler
 .text.MemManage_Handler
                0x0000000008000fe0        0x6 ./Core/Src/stm32f1xx_it.o
                0x0000000008000fe0                MemManage_Handler
 .text.BusFault_Handler
                0x0000000008000fe6        0x6 ./Core/Src/stm32f1xx_it.o
                0x0000000008000fe6                BusFault_Handler
 .text.UsageFault_Handler
                0x0000000008000fec        0x6 ./Core/Src/stm32f1xx_it.o
                0x0000000008000fec                UsageFault_Handler
 .text.SVC_Handler
                0x0000000008000ff2        0xc ./Core/Src/stm32f1xx_it.o
                0x0000000008000ff2                SVC_Handler
 .text.DebugMon_Handler
                0x0000000008000ffe        0xc ./Core/Src/stm32f1xx_it.o
                0x0000000008000ffe                DebugMon_Handler
 .text.PendSV_Handler
                0x000000000800100a        0xc ./Core/Src/stm32f1xx_it.o
                0x000000000800100a                PendSV_Handler
 .text.SysTick_Handler
                0x0000000008001016        0xc ./Core/Src/stm32f1xx_it.o
                0x0000000008001016                SysTick_Handler
 *fill*         0x0000000008001022        0x2 
 .text.TIM2_IRQHandler
                0x0000000008001024       0x14 ./Core/Src/stm32f1xx_it.o
                0x0000000008001024                TIM2_IRQHandler
 .text.SystemInit
                0x0000000008001038        0xc ./Core/Src/system_stm32f1xx.o
                0x0000000008001038                SystemInit
 .text.setTimer0
                0x0000000008001044       0x28 ./Core/Src/timer.o
                0x0000000008001044                setTimer0
 .text.setTimer1
                0x000000000800106c       0x28 ./Core/Src/timer.o
                0x000000000800106c                setTimer1
 .text.setTimer2
                0x0000000008001094       0x28 ./Core/Src/timer.o
                0x0000000008001094                setTimer2
 .text.timerRun0
                0x00000000080010bc       0x34 ./Core/Src/timer.o
                0x00000000080010bc                timerRun0
 .text.timerRun1
                0x00000000080010f0       0x34 ./Core/Src/timer.o
                0x00000000080010f0                timerRun1
 .text.timerRun2
                0x0000000008001124       0x34 ./Core/Src/timer.o
                0x0000000008001124                timerRun2
 .text.updateClockBuffer
                0x0000000008001158       0x80 ./Core/Src/updateClockBuffer.o
                0x0000000008001158                updateClockBuffer
 .text.Reset_Handler
                0x00000000080011d8       0x48 ./Core/Startup/startup_stm32f103c6ux.o
                0x00000000080011d8                Reset_Handler
 .text.Default_Handler
                0x0000000008001220        0x2 ./Core/Startup/startup_stm32f103c6ux.o
                0x0000000008001220                RTC_Alarm_IRQHandler
                0x0000000008001220                EXTI2_IRQHandler
                0x0000000008001220                TIM1_CC_IRQHandler
                0x0000000008001220                PVD_IRQHandler
                0x0000000008001220                EXTI3_IRQHandler
                0x0000000008001220                EXTI0_IRQHandler
                0x0000000008001220                ADC1_2_IRQHandler
                0x0000000008001220                SPI1_IRQHandler
                0x0000000008001220                TAMPER_IRQHandler
                0x0000000008001220                DMA1_Channel4_IRQHandler
                0x0000000008001220                RTC_IRQHandler
                0x0000000008001220                DMA1_Channel7_IRQHandler
                0x0000000008001220                CAN1_RX1_IRQHandler
                0x0000000008001220                I2C1_EV_IRQHandler
                0x0000000008001220                DMA1_Channel6_IRQHandler
                0x0000000008001220                TIM3_IRQHandler
                0x0000000008001220                RCC_IRQHandler
                0x0000000008001220                TIM1_TRG_COM_IRQHandler
                0x0000000008001220                DMA1_Channel1_IRQHandler
                0x0000000008001220                Default_Handler
                0x0000000008001220                EXTI15_10_IRQHandler
                0x0000000008001220                EXTI9_5_IRQHandler
                0x0000000008001220                DMA1_Channel5_IRQHandler
                0x0000000008001220                EXTI4_IRQHandler
                0x0000000008001220                USB_LP_CAN1_RX0_IRQHandler
                0x0000000008001220                USB_HP_CAN1_TX_IRQHandler
                0x0000000008001220                DMA1_Channel3_IRQHandler
                0x0000000008001220                TIM1_UP_IRQHandler
                0x0000000008001220                WWDG_IRQHandler
                0x0000000008001220                TIM1_BRK_IRQHandler
                0x0000000008001220                EXTI1_IRQHandler
                0x0000000008001220                USART2_IRQHandler
                0x0000000008001220                DMA1_Channel2_IRQHandler
                0x0000000008001220                CAN1_SCE_IRQHandler
                0x0000000008001220                FLASH_IRQHandler
                0x0000000008001220                USART1_IRQHandler
                0x0000000008001220                I2C1_ER_IRQHandler
                0x0000000008001220                USBWakeUp_IRQHandler
 *fill*         0x0000000008001222        0x2 
 .text.HAL_Init
                0x0000000008001224       0x2c ./Drivers/STM32F1xx_HAL_Driver/Src/stm32f1xx_hal.o
                0x0000000008001224                HAL_Init
 .text.HAL_InitTick
                0x0000000008001250       0x60 ./Drivers/STM32F1xx_HAL_Driver/Src/stm32f1xx_hal.o
                0x0000000008001250                HAL_InitTick
 .text.HAL_IncTick
                0x00000000080012b0       0x24 ./Drivers/STM32F1xx_HAL_Driver/Src/stm32f1xx_hal.o
                0x00000000080012b0                HAL_IncTick
 .text.HAL_GetTick
                0x00000000080012d4       0x14 ./Drivers/STM32F1xx_HAL_Driver/Src/stm32f1xx_hal.o
                0x00000000080012d4                HAL_GetTick
 .text.__NVIC_SetPriorityGrouping
                0x00000000080012e8       0x48 ./Drivers/STM32F1xx_HAL_Driver/Src/stm32f1xx_hal_cortex.o
 .text.__NVIC_GetPriorityGrouping
                0x0000000008001330       0x1c ./Drivers/STM32F1xx_HAL_Driver/Src/stm32f1xx_hal_cortex.o
 .text.__NVIC_EnableIRQ
                0x000000000800134c       0x38 ./Drivers/STM32F1xx_HAL_Driver/Src/stm32f1xx_hal_cortex.o
 .text.__NVIC_SetPriority
                0x0000000008001384       0x54 ./Drivers/STM32F1xx_HAL_Driver/Src/stm32f1xx_hal_cortex.o
 .text.NVIC_EncodePriority
                0x00000000080013d8       0x64 ./Drivers/STM32F1xx_HAL_Driver/Src/stm32f1xx_hal_cortex.o
 .text.SysTick_Config
                0x000000000800143c       0x44 ./Drivers/STM32F1xx_HAL_Driver/Src/stm32f1xx_hal_cortex.o
 .text.HAL_NVIC_SetPriorityGrouping
                0x0000000008001480       0x16 ./Drivers/STM32F1xx_HAL_Driver/Src/stm32f1xx_hal_cortex.o
                0x0000000008001480                HAL_NVIC_SetPriorityGrouping
 .text.HAL_NVIC_SetPriority
                0x0000000008001496       0x38 ./Drivers/STM32F1xx_HAL_Driver/Src/stm32f1xx_hal_cortex.o
                0x0000000008001496                HAL_NVIC_SetPriority
 .text.HAL_NVIC_EnableIRQ
                0x00000000080014ce       0x1c ./Drivers/STM32F1xx_HAL_Driver/Src/stm32f1xx_hal_cortex.o
                0x00000000080014ce                HAL_NVIC_EnableIRQ
 .text.HAL_SYSTICK_Config
                0x00000000080014ea       0x18 ./Drivers/STM32F1xx_HAL_Driver/Src/stm32f1xx_hal_cortex.o
                0x00000000080014ea                HAL_SYSTICK_Config
 *fill*         0x0000000008001502        0x2 
 .text.HAL_GPIO_Init
                0x0000000008001504      0x2f4 ./Drivers/STM32F1xx_HAL_Driver/Src/stm32f1xx_hal_gpio.o
                0x0000000008001504                HAL_GPIO_Init
 .text.HAL_GPIO_ReadPin
                0x00000000080017f8       0x2e ./Drivers/STM32F1xx_HAL_Driver/Src/stm32f1xx_hal_gpio.o
                0x00000000080017f8                HAL_GPIO_ReadPin
 .text.HAL_GPIO_WritePin
                0x0000000008001826       0x30 ./Drivers/STM32F1xx_HAL_Driver/Src/stm32f1xx_hal_gpio.o
                0x0000000008001826                HAL_GPIO_WritePin
 *fill*         0x0000000008001856        0x2 
 .text.HAL_RCC_OscConfig
                0x0000000008001858      0x500 ./Drivers/STM32F1xx_HAL_Driver/Src/stm32f1xx_hal_rcc.o
                0x0000000008001858                HAL_RCC_OscConfig
 .text.HAL_RCC_ClockConfig
                0x0000000008001d58      0x1d4 ./Drivers/STM32F1xx_HAL_Driver/Src/stm32f1xx_hal_rcc.o
                0x0000000008001d58                HAL_RCC_ClockConfig
 .text.HAL_RCC_GetSysClockFreq
                0x0000000008001f2c       0xc0 ./Drivers/STM32F1xx_HAL_Driver/Src/stm32f1xx_hal_rcc.o
                0x0000000008001f2c                HAL_RCC_GetSysClockFreq
 .text.RCC_Delay
                0x0000000008001fec       0x3c ./Drivers/STM32F1xx_HAL_Driver/Src/stm32f1xx_hal_rcc.o
 .text.HAL_TIM_Base_Init
                0x0000000008002028       0x9e ./Drivers/STM32F1xx_HAL_Driver/Src/stm32f1xx_hal_tim.o
                0x0000000008002028                HAL_TIM_Base_Init
 *fill*         0x00000000080020c6        0x2 
 .text.HAL_TIM_Base_Start_IT
                0x00000000080020c8       0x98 ./Drivers/STM32F1xx_HAL_Driver/Src/stm32f1xx_hal_tim.o
                0x00000000080020c8                HAL_TIM_Base_Start_IT
 .text.HAL_TIM_IRQHandler
                0x0000000008002160      0x210 ./Drivers/STM32F1xx_HAL_Driver/Src/stm32f1xx_hal_tim.o
                0x0000000008002160                HAL_TIM_IRQHandler
 .text.HAL_TIM_ConfigClockSource
                0x0000000008002370      0x188 ./Drivers/STM32F1xx_HAL_Driver/Src/stm32f1xx_hal_tim.o
                0x0000000008002370                HAL_TIM_ConfigClockSource
 .text.HAL_TIM_OC_DelayElapsedCallback
                0x00000000080024f8       0x12 ./Drivers/STM32F1xx_HAL_Driver/Src/stm32f1xx_hal_tim.o
                0x00000000080024f8                HAL_TIM_OC_DelayElapsedCallback
 .text.HAL_TIM_IC_CaptureCallback
                0x000000000800250a       0x12 ./Drivers/STM32F1xx_HAL_Driver/Src/stm32f1xx_hal_tim.o
                0x000000000800250a                HAL_TIM_IC_CaptureCallback
 .text.HAL_TIM_PWM_PulseFinishedCallback
                0x000000000800251c       0x12 ./Drivers/STM32F1xx_HAL_Driver/Src/stm32f1xx_hal_tim.o
                0x000000000800251c                HAL_TIM_PWM_PulseFinishedCallback
 .text.HAL_TIM_TriggerCallback
                0x000000000800252e       0x12 ./Drivers/STM32F1xx_HAL_Driver/Src/stm32f1xx_hal_tim.o
                0x000000000800252e                HAL_TIM_TriggerCallback
 .text.TIM_Base_SetConfig
                0x0000000008002540       0xb0 ./Drivers/STM32F1xx_HAL_Driver/Src/stm32f1xx_hal_tim.o
                0x0000000008002540                TIM_Base_SetConfig
 .text.TIM_TI1_ConfigInputStage
                0x00000000080025f0       0x5c ./Drivers/STM32F1xx_HAL_Driver/Src/stm32f1xx_hal_tim.o
 .text.TIM_TI2_ConfigInputStage
                0x000000000800264c       0x5e ./Drivers/STM32F1xx_HAL_Driver/Src/stm32f1xx_hal_tim.o
 .text.TIM_ITRx_SetConfig
                0x00000000080026aa       0x34 ./Drivers/STM32F1xx_HAL_Driver/Src/stm32f1xx_hal_tim.o
 .text.TIM_ETR_SetConfig
                0x00000000080026de       0x3e ./Drivers/STM32F1xx_HAL_Driver/Src/stm32f1xx_hal_tim.o
                0x00000000080026de                TIM_ETR_SetConfig
 .text.HAL_TIMEx_MasterConfigSynchronization
                0x000000000800271c       0xb0 ./Drivers/STM32F1xx_HAL_Driver/Src/stm32f1xx_hal_tim_ex.o
                0x000000000800271c                HAL_TIMEx_MasterConfigSynchronization
 .text.HAL_TIMEx_CommutCallback
                0x00000000080027cc       0x12 ./Drivers/STM32F1xx_HAL_Driver/Src/stm32f1xx_hal_tim_ex.o
                0x00000000080027cc                HAL_TIMEx_CommutCallback
 .text.HAL_TIMEx_BreakCallback
                0x00000000080027de       0x12 ./Drivers/STM32F1xx_HAL_Driver/Src/stm32f1xx_hal_tim_ex.o
                0x00000000080027de                HAL_TIMEx_BreakCallback
 .text.__libc_init_array
                0x00000000080027f0       0x48 d:/stm32cubeide_1.7.0/stm32cubeide/plugins/com.st.stm32cube.ide.mcu.externaltools.gnu-tools-for-stm32.9-2020-q2-update.win32_2.0.0.202105311346/tools/bin/../lib/gcc/arm-none-eabi/9.3.1/../../../../arm-none-eabi/lib/thumb/v7-m/nofp\libc_nano.a(lib_a-init.o)
                0x00000000080027f0                __libc_init_array
 .text.memset   0x0000000008002838       0x10 d:/stm32cubeide_1.7.0/stm32cubeide/plugins/com.st.stm32cube.ide.mcu.externaltools.gnu-tools-for-stm32.9-2020-q2-update.win32_2.0.0.202105311346/tools/bin/../lib/gcc/arm-none-eabi/9.3.1/../../../../arm-none-eabi/lib/thumb/v7-m/nofp\libc_nano.a(lib_a-memset.o)
                0x0000000008002838                memset
 *(.glue_7)
 .glue_7        0x0000000008002848        0x0 linker stubs
 *(.glue_7t)
 .glue_7t       0x0000000008002848        0x0 linker stubs
 *(.eh_frame)
 .eh_frame      0x0000000008002848        0x0 d:/stm32cubeide_1.7.0/stm32cubeide/plugins/com.st.stm32cube.ide.mcu.externaltools.gnu-tools-for-stm32.9-2020-q2-update.win32_2.0.0.202105311346/tools/bin/../lib/gcc/arm-none-eabi/9.3.1/thumb/v7-m/nofp/crtbegin.o
 *(.init)
 .init          0x0000000008002848        0x4 d:/stm32cubeide_1.7.0/stm32cubeide/plugins/com.st.stm32cube.ide.mcu.externaltools.gnu-tools-for-stm32.9-2020-q2-update.win32_2.0.0.202105311346/tools/bin/../lib/gcc/arm-none-eabi/9.3.1/thumb/v7-m/nofp/crti.o
                0x0000000008002848                _init
 .init          0x000000000800284c        0x8 d:/stm32cubeide_1.7.0/stm32cubeide/plugins/com.st.stm32cube.ide.mcu.externaltools.gnu-tools-for-stm32.9-2020-q2-update.win32_2.0.0.202105311346/tools/bin/../lib/gcc/arm-none-eabi/9.3.1/thumb/v7-m/nofp/crtn.o
 *(.fini)
 .fini          0x0000000008002854        0x4 d:/stm32cubeide_1.7.0/stm32cubeide/plugins/com.st.stm32cube.ide.mcu.externaltools.gnu-tools-for-stm32.9-2020-q2-update.win32_2.0.0.202105311346/tools/bin/../lib/gcc/arm-none-eabi/9.3.1/thumb/v7-m/nofp/crti.o
                0x0000000008002854                _fini
 .fini          0x0000000008002858        0x8 d:/stm32cubeide_1.7.0/stm32cubeide/plugins/com.st.stm32cube.ide.mcu.externaltools.gnu-tools-for-stm32.9-2020-q2-update.win32_2.0.0.202105311346/tools/bin/../lib/gcc/arm-none-eabi/9.3.1/thumb/v7-m/nofp/crtn.o
                0x0000000008002860                . = ALIGN (0x4)
                0x0000000008002860                _etext = .

.vfp11_veneer   0x0000000008002860        0x0
 .vfp11_veneer  0x0000000008002860        0x0 linker stubs

.v4_bx          0x0000000008002860        0x0
 .v4_bx         0x0000000008002860        0x0 linker stubs

.iplt           0x0000000008002860        0x0
 .iplt          0x0000000008002860        0x0 d:/stm32cubeide_1.7.0/stm32cubeide/plugins/com.st.stm32cube.ide.mcu.externaltools.gnu-tools-for-stm32.9-2020-q2-update.win32_2.0.0.202105311346/tools/bin/../lib/gcc/arm-none-eabi/9.3.1/thumb/v7-m/nofp/crtbegin.o

.rodata         0x0000000008002860       0x20
                0x0000000008002860                . = ALIGN (0x4)
 *(.rodata)
 .rodata        0x0000000008002860       0x10 ./Drivers/STM32F1xx_HAL_Driver/Src/stm32f1xx_hal_rcc.o
 *(.rodata*)
 .rodata.AHBPrescTable
                0x0000000008002870       0x10 ./Core/Src/system_stm32f1xx.o
                0x0000000008002870                AHBPrescTable
                0x0000000008002880                . = ALIGN (0x4)

.rel.dyn        0x0000000008002880        0x0
 .rel.iplt      0x0000000008002880        0x0 d:/stm32cubeide_1.7.0/stm32cubeide/plugins/com.st.stm32cube.ide.mcu.externaltools.gnu-tools-for-stm32.9-2020-q2-update.win32_2.0.0.202105311346/tools/bin/../lib/gcc/arm-none-eabi/9.3.1/thumb/v7-m/nofp/crtbegin.o

.ARM.extab      0x0000000008002880        0x0
                0x0000000008002880                . = ALIGN (0x4)
 *(.ARM.extab* .gnu.linkonce.armextab.*)
                0x0000000008002880                . = ALIGN (0x4)

.ARM            0x0000000008002880        0x0
                0x0000000008002880                . = ALIGN (0x4)
                0x0000000008002880                __exidx_start = .
 *(.ARM.exidx*)
                0x0000000008002880                __exidx_end = .
                0x0000000008002880                . = ALIGN (0x4)

.preinit_array  0x0000000008002880        0x0
                0x0000000008002880                . = ALIGN (0x4)
                0x0000000008002880                PROVIDE (__preinit_array_start = .)
 *(.preinit_array*)
                0x0000000008002880                PROVIDE (__preinit_array_end = .)
                0x0000000008002880                . = ALIGN (0x4)

.init_array     0x0000000008002880        0x4
                0x0000000008002880                . = ALIGN (0x4)
                0x0000000008002880                PROVIDE (__init_array_start = .)
 *(SORT_BY_NAME(.init_array.*))
 *(.init_array*)
 .init_array    0x0000000008002880        0x4 d:/stm32cubeide_1.7.0/stm32cubeide/plugins/com.st.stm32cube.ide.mcu.externaltools.gnu-tools-for-stm32.9-2020-q2-update.win32_2.0.0.202105311346/tools/bin/../lib/gcc/arm-none-eabi/9.3.1/thumb/v7-m/nofp/crtbegin.o
                0x0000000008002884                PROVIDE (__init_array_end = .)
                0x0000000008002884                . = ALIGN (0x4)

.fini_array     0x0000000008002884        0x4
                0x0000000008002884                . = ALIGN (0x4)
                [!provide]                        PROVIDE (__fini_array_start = .)
 *(SORT_BY_NAME(.fini_array.*))
 *(.fini_array*)
 .fini_array    0x0000000008002884        0x4 d:/stm32cubeide_1.7.0/stm32cubeide/plugins/com.st.stm32cube.ide.mcu.externaltools.gnu-tools-for-stm32.9-2020-q2-update.win32_2.0.0.202105311346/tools/bin/../lib/gcc/arm-none-eabi/9.3.1/thumb/v7-m/nofp/crtbegin.o
                [!provide]                        PROVIDE (__fini_array_end = .)
                0x0000000008002888                . = ALIGN (0x4)
                0x0000000008002888                _sidata = LOADADDR (.data)

.data           0x0000000020000000       0x2c load address 0x0000000008002888
                0x0000000020000000                . = ALIGN (0x4)
                0x0000000020000000                _sdata = .
 *(.data)
 *(.data*)
 .data.status1  0x0000000020000000        0x4 ./Core/Src/main.o
                0x0000000020000000                status1
 .data.status2  0x0000000020000004        0x4 ./Core/Src/main.o
                0x0000000020000004                status2
 .data.status3  0x0000000020000008        0x4 ./Core/Src/main.o
                0x0000000020000008                status3
 .data.RED_TIME
                0x000000002000000c        0x4 ./Core/Src/main.o
                0x000000002000000c                RED_TIME
 .data.timer    0x0000000020000010        0x4 ./Core/Src/main.o
                0x0000000020000010                timer
 .data.GREEN_TIME
                0x0000000020000014        0x4 ./Core/Src/main.o
                0x0000000020000014                GREEN_TIME
 .data.timer2   0x0000000020000018        0x4 ./Core/Src/main.o
                0x0000000020000018                timer2
 .data.YELLOW_TIME
                0x000000002000001c        0x4 ./Core/Src/main.o
                0x000000002000001c                YELLOW_TIME
 .data.SystemCoreClock
                0x0000000020000020        0x4 ./Core/Src/system_stm32f1xx.o
                0x0000000020000020                SystemCoreClock
 .data.uwTickPrio
                0x0000000020000024        0x4 ./Drivers/STM32F1xx_HAL_Driver/Src/stm32f1xx_hal.o
                0x0000000020000024                uwTickPrio
 .data.uwTickFreq
                0x0000000020000028        0x1 ./Drivers/STM32F1xx_HAL_Driver/Src/stm32f1xx_hal.o
                0x0000000020000028                uwTickFreq
 *(.RamFunc)
 *(.RamFunc*)
                0x000000002000002c                . = ALIGN (0x4)
 *fill*         0x0000000020000029        0x3 
                0x000000002000002c                _edata = .

.igot.plt       0x000000002000002c        0x0 load address 0x00000000080028b4
 .igot.plt      0x000000002000002c        0x0 d:/stm32cubeide_1.7.0/stm32cubeide/plugins/com.st.stm32cube.ide.mcu.externaltools.gnu-tools-for-stm32.9-2020-q2-update.win32_2.0.0.202105311346/tools/bin/../lib/gcc/arm-none-eabi/9.3.1/thumb/v7-m/nofp/crtbegin.o
                0x000000002000002c                . = ALIGN (0x4)

.bss            0x000000002000002c       0xc4 load address 0x00000000080028b4
                0x000000002000002c                _sbss = .
                0x000000002000002c                __bss_start__ = _sbss
 *(.bss)
 .bss           0x000000002000002c       0x1c d:/stm32cubeide_1.7.0/stm32cubeide/plugins/com.st.stm32cube.ide.mcu.externaltools.gnu-tools-for-stm32.9-2020-q2-update.win32_2.0.0.202105311346/tools/bin/../lib/gcc/arm-none-eabi/9.3.1/thumb/v7-m/nofp/crtbegin.o
 *(.bss*)
 .bss.buttonBuffer
                0x0000000020000048        0x4 ./Core/Src/input_reading.o
 .bss.debounceButtonBuffer0
                0x000000002000004c        0x4 ./Core/Src/input_reading.o
 .bss.debounceButtonBuffer1
                0x0000000020000050        0x4 ./Core/Src/input_reading.o
 .bss.debounceButtonBuffer2
                0x0000000020000054        0x4 ./Core/Src/input_reading.o
 .bss.counterForButtonPress1s
                0x0000000020000058        0x8 ./Core/Src/input_reading.o
 .bss.index_led
                0x0000000020000060        0x4 ./Core/Src/main.o
                0x0000000020000060                index_led
 .bss.timer0_flag
                0x0000000020000064        0x4 ./Core/Src/timer.o
                0x0000000020000064                timer0_flag
 .bss.timer0_counter
                0x0000000020000068        0x4 ./Core/Src/timer.o
                0x0000000020000068                timer0_counter
 .bss.timer1_flag
                0x000000002000006c        0x4 ./Core/Src/timer.o
                0x000000002000006c                timer1_flag
 .bss.timer1_counter
                0x0000000020000070        0x4 ./Core/Src/timer.o
                0x0000000020000070                timer1_counter
 .bss.timer2_flag
                0x0000000020000074        0x4 ./Core/Src/timer.o
                0x0000000020000074                timer2_flag
 .bss.timer2_counter
                0x0000000020000078        0x4 ./Core/Src/timer.o
                0x0000000020000078                timer2_counter
 *(COMMON)
 COMMON         0x000000002000007c       0x10 ./Core/Src/input_reading.o
                0x000000002000007c                button_flag
 COMMON         0x000000002000008c       0x60 ./Core/Src/main.o
                0x000000002000008c                second
                0x0000000020000090                led_buffer
                0x00000000200000a0                htim2
                0x00000000200000e8                second1
 COMMON         0x00000000200000ec        0x4 ./Drivers/STM32F1xx_HAL_Driver/Src/stm32f1xx_hal.o
                0x00000000200000ec                uwTick
                0x00000000200000f0                . = ALIGN (0x4)
                0x00000000200000f0                _ebss = .
                0x00000000200000f0                __bss_end__ = _ebss

._user_heap_stack
                0x00000000200000f0      0x600 load address 0x00000000080028b4
                0x00000000200000f0                . = ALIGN (0x8)
                [!provide]                        PROVIDE (end = .)
                0x00000000200000f0                PROVIDE (_end = .)
                0x00000000200002f0                . = (. + _Min_Heap_Size)
 *fill*         0x00000000200000f0      0x200 
                0x00000000200006f0                . = (. + _Min_Stack_Size)
 *fill*         0x00000000200002f0      0x400 
                0x00000000200006f0                . = ALIGN (0x8)

/DISCARD/
 libc.a(*)
 libm.a(*)
 libgcc.a(*)

.ARM.attributes
                0x0000000000000000       0x29
 *(.ARM.attributes)
 .ARM.attributes
                0x0000000000000000       0x1d d:/stm32cubeide_1.7.0/stm32cubeide/plugins/com.st.stm32cube.ide.mcu.externaltools.gnu-tools-for-stm32.9-2020-q2-update.win32_2.0.0.202105311346/tools/bin/../lib/gcc/arm-none-eabi/9.3.1/thumb/v7-m/nofp/crti.o
 .ARM.attributes
                0x000000000000001d       0x2d d:/stm32cubeide_1.7.0/stm32cubeide/plugins/com.st.stm32cube.ide.mcu.externaltools.gnu-tools-for-stm32.9-2020-q2-update.win32_2.0.0.202105311346/tools/bin/../lib/gcc/arm-none-eabi/9.3.1/thumb/v7-m/nofp/crtbegin.o
 .ARM.attributes
                0x000000000000004a       0x2d ./Core/Src/Led7segment.o
 .ARM.attributes
                0x0000000000000077       0x2d ./Core/Src/Update7Seg.o
 .ARM.attributes
                0x00000000000000a4       0x2d ./Core/Src/fsm1.o
 .ARM.attributes
                0x00000000000000d1       0x2d ./Core/Src/fsm2.o
 .ARM.attributes
                0x00000000000000fe       0x2d ./Core/Src/fsm3.o
 .ARM.attributes
                0x000000000000012b       0x2d ./Core/Src/input_reading.o
 .ARM.attributes
                0x0000000000000158       0x2d ./Core/Src/main.o
 .ARM.attributes
                0x0000000000000185       0x2d ./Core/Src/stm32f1xx_hal_msp.o
 .ARM.attributes
                0x00000000000001b2       0x2d ./Core/Src/stm32f1xx_it.o
 .ARM.attributes
                0x00000000000001df       0x2d ./Core/Src/system_stm32f1xx.o
 .ARM.attributes
                0x000000000000020c       0x2d ./Core/Src/timer.o
 .ARM.attributes
                0x0000000000000239       0x2d ./Core/Src/updateClockBuffer.o
 .ARM.attributes
                0x0000000000000266       0x21 ./Core/Startup/startup_stm32f103c6ux.o
 .ARM.attributes
                0x0000000000000287       0x2d ./Drivers/STM32F1xx_HAL_Driver/Src/stm32f1xx_hal.o
 .ARM.attributes
                0x00000000000002b4       0x2d ./Drivers/STM32F1xx_HAL_Driver/Src/stm32f1xx_hal_cortex.o
 .ARM.attributes
                0x00000000000002e1       0x2d ./Drivers/STM32F1xx_HAL_Driver/Src/stm32f1xx_hal_gpio.o
 .ARM.attributes
                0x000000000000030e       0x2d ./Drivers/STM32F1xx_HAL_Driver/Src/stm32f1xx_hal_rcc.o
 .ARM.attributes
                0x000000000000033b       0x2d ./Drivers/STM32F1xx_HAL_Driver/Src/stm32f1xx_hal_tim.o
 .ARM.attributes
                0x0000000000000368       0x2d ./Drivers/STM32F1xx_HAL_Driver/Src/stm32f1xx_hal_tim_ex.o
 .ARM.attributes
                0x0000000000000395       0x2d d:/stm32cubeide_1.7.0/stm32cubeide/plugins/com.st.stm32cube.ide.mcu.externaltools.gnu-tools-for-stm32.9-2020-q2-update.win32_2.0.0.202105311346/tools/bin/../lib/gcc/arm-none-eabi/9.3.1/../../../../arm-none-eabi/lib/thumb/v7-m/nofp\libc_nano.a(lib_a-init.o)
 .ARM.attributes
                0x00000000000003c2       0x2d d:/stm32cubeide_1.7.0/stm32cubeide/plugins/com.st.stm32cube.ide.mcu.externaltools.gnu-tools-for-stm32.9-2020-q2-update.win32_2.0.0.202105311346/tools/bin/../lib/gcc/arm-none-eabi/9.3.1/../../../../arm-none-eabi/lib/thumb/v7-m/nofp\libc_nano.a(lib_a-memset.o)
 .ARM.attributes
                0x00000000000003ef       0x1d d:/stm32cubeide_1.7.0/stm32cubeide/plugins/com.st.stm32cube.ide.mcu.externaltools.gnu-tools-for-stm32.9-2020-q2-update.win32_2.0.0.202105311346/tools/bin/../lib/gcc/arm-none-eabi/9.3.1/thumb/v7-m/nofp/crtn.o
OUTPUT(Lab3Ex1.elf elf32-littlearm)
LOAD linker stubs
LOAD d:/stm32cubeide_1.7.0/stm32cubeide/plugins/com.st.stm32cube.ide.mcu.externaltools.gnu-tools-for-stm32.9-2020-q2-update.win32_2.0.0.202105311346/tools/bin/../lib/gcc/arm-none-eabi/9.3.1/../../../../arm-none-eabi/lib/thumb/v7-m/nofp\libc.a
LOAD d:/stm32cubeide_1.7.0/stm32cubeide/plugins/com.st.stm32cube.ide.mcu.externaltools.gnu-tools-for-stm32.9-2020-q2-update.win32_2.0.0.202105311346/tools/bin/../lib/gcc/arm-none-eabi/9.3.1/../../../../arm-none-eabi/lib/thumb/v7-m/nofp\libm.a
LOAD d:/stm32cubeide_1.7.0/stm32cubeide/plugins/com.st.stm32cube.ide.mcu.externaltools.gnu-tools-for-stm32.9-2020-q2-update.win32_2.0.0.202105311346/tools/bin/../lib/gcc/arm-none-eabi/9.3.1/thumb/v7-m/nofp\libgcc.a

.debug_info     0x0000000000000000     0x95fa
 .debug_info    0x0000000000000000      0x234 ./Core/Src/Led7segment.o
 .debug_info    0x0000000000000234      0x283 ./Core/Src/Update7Seg.o
 .debug_info    0x00000000000004b7      0x315 ./Core/Src/fsm1.o
 .debug_info    0x00000000000007cc      0x315 ./Core/Src/fsm2.o
 .debug_info    0x0000000000000ae1      0x242 ./Core/Src/fsm3.o
 .debug_info    0x0000000000000d23      0x355 ./Core/Src/input_reading.o
 .debug_info    0x0000000000001078      0xd24 ./Core/Src/main.o
 .debug_info    0x0000000000001d9c      0xa04 ./Core/Src/stm32f1xx_hal_msp.o
 .debug_info    0x00000000000027a0      0x7b4 ./Core/Src/stm32f1xx_it.o
 .debug_info    0x0000000000002f54      0x2be ./Core/Src/system_stm32f1xx.o
 .debug_info    0x0000000000003212      0x159 ./Core/Src/timer.o
 .debug_info    0x000000000000336b       0xba ./Core/Src/updateClockBuffer.o
 .debug_info    0x0000000000003425       0x22 ./Core/Startup/startup_stm32f103c6ux.o
 .debug_info    0x0000000000003447      0x74c ./Drivers/STM32F1xx_HAL_Driver/Src/stm32f1xx_hal.o
 .debug_info    0x0000000000003b93      0xbbe ./Drivers/STM32F1xx_HAL_Driver/Src/stm32f1xx_hal_cortex.o
 .debug_info    0x0000000000004751      0x701 ./Drivers/STM32F1xx_HAL_Driver/Src/stm32f1xx_hal_gpio.o
 .debug_info    0x0000000000004e52      0x88e ./Drivers/STM32F1xx_HAL_Driver/Src/stm32f1xx_hal_rcc.o
 .debug_info    0x00000000000056e0     0x2a45 ./Drivers/STM32F1xx_HAL_Driver/Src/stm32f1xx_hal_tim.o
 .debug_info    0x0000000000008125     0x14d5 ./Drivers/STM32F1xx_HAL_Driver/Src/stm32f1xx_hal_tim_ex.o

.debug_abbrev   0x0000000000000000     0x1c7a
 .debug_abbrev  0x0000000000000000      0x109 ./Core/Src/Led7segment.o
 .debug_abbrev  0x0000000000000109      0x117 ./Core/Src/Update7Seg.o
 .debug_abbrev  0x0000000000000220       0xf6 ./Core/Src/fsm1.o
 .debug_abbrev  0x0000000000000316       0xf6 ./Core/Src/fsm2.o
 .debug_abbrev  0x000000000000040c       0xc7 ./Core/Src/fsm3.o
 .debug_abbrev  0x00000000000004d3      0x18e ./Core/Src/input_reading.o
 .debug_abbrev  0x0000000000000661      0x25c ./Core/Src/main.o
 .debug_abbrev  0x00000000000008bd      0x1b7 ./Core/Src/stm32f1xx_hal_msp.o
 .debug_abbrev  0x0000000000000a74      0x176 ./Core/Src/stm32f1xx_it.o
 .debug_abbrev  0x0000000000000bea      0x14e ./Core/Src/system_stm32f1xx.o
 .debug_abbrev  0x0000000000000d38       0xb6 ./Core/Src/timer.o
 .debug_abbrev  0x0000000000000dee       0x5b ./Core/Src/updateClockBuffer.o
 .debug_abbrev  0x0000000000000e49       0x12 ./Core/Startup/startup_stm32f103c6ux.o
 .debug_abbrev  0x0000000000000e5b      0x1ed ./Drivers/STM32F1xx_HAL_Driver/Src/stm32f1xx_hal.o
 .debug_abbrev  0x0000000000001048      0x313 ./Drivers/STM32F1xx_HAL_Driver/Src/stm32f1xx_hal_cortex.o
 .debug_abbrev  0x000000000000135b      0x1e8 ./Drivers/STM32F1xx_HAL_Driver/Src/stm32f1xx_hal_gpio.o
 .debug_abbrev  0x0000000000001543      0x273 ./Drivers/STM32F1xx_HAL_Driver/Src/stm32f1xx_hal_rcc.o
 .debug_abbrev  0x00000000000017b6      0x25e ./Drivers/STM32F1xx_HAL_Driver/Src/stm32f1xx_hal_tim.o
 .debug_abbrev  0x0000000000001a14      0x266 ./Drivers/STM32F1xx_HAL_Driver/Src/stm32f1xx_hal_tim_ex.o

.debug_aranges  0x0000000000000000      0xa98
 .debug_aranges
                0x0000000000000000       0x20 ./Core/Src/Led7segment.o
 .debug_aranges
                0x0000000000000020       0x20 ./Core/Src/Update7Seg.o
 .debug_aranges
                0x0000000000000040       0x38 ./Core/Src/fsm1.o
 .debug_aranges
                0x0000000000000078       0x38 ./Core/Src/fsm2.o
 .debug_aranges
                0x00000000000000b0       0x20 ./Core/Src/fsm3.o
 .debug_aranges
                0x00000000000000d0       0x30 ./Core/Src/input_reading.o
 .debug_aranges
                0x0000000000000100       0x48 ./Core/Src/main.o
 .debug_aranges
                0x0000000000000148       0x30 ./Core/Src/stm32f1xx_hal_msp.o
 .debug_aranges
                0x0000000000000178       0x68 ./Core/Src/stm32f1xx_it.o
 .debug_aranges
                0x00000000000001e0       0x28 ./Core/Src/system_stm32f1xx.o
 .debug_aranges
                0x0000000000000208       0x48 ./Core/Src/timer.o
 .debug_aranges
                0x0000000000000250       0x20 ./Core/Src/updateClockBuffer.o
 .debug_aranges
                0x0000000000000270       0x28 ./Core/Startup/startup_stm32f103c6ux.o
 .debug_aranges
                0x0000000000000298       0xe0 ./Drivers/STM32F1xx_HAL_Driver/Src/stm32f1xx_hal.o
 .debug_aranges
                0x0000000000000378      0x100 ./Drivers/STM32F1xx_HAL_Driver/Src/stm32f1xx_hal_cortex.o
 .debug_aranges
                0x0000000000000478       0x58 ./Drivers/STM32F1xx_HAL_Driver/Src/stm32f1xx_hal_gpio.o
 .debug_aranges
                0x00000000000004d0       0x90 ./Drivers/STM32F1xx_HAL_Driver/Src/stm32f1xx_hal_rcc.o
 .debug_aranges
                0x0000000000000560      0x3d0 ./Drivers/STM32F1xx_HAL_Driver/Src/stm32f1xx_hal_tim.o
 .debug_aranges
                0x0000000000000930      0x168 ./Drivers/STM32F1xx_HAL_Driver/Src/stm32f1xx_hal_tim_ex.o

.debug_ranges   0x0000000000000000      0x970
 .debug_ranges  0x0000000000000000       0x10 ./Core/Src/Led7segment.o
 .debug_ranges  0x0000000000000010       0x10 ./Core/Src/Update7Seg.o
 .debug_ranges  0x0000000000000020       0x28 ./Core/Src/fsm1.o
 .debug_ranges  0x0000000000000048       0x28 ./Core/Src/fsm2.o
 .debug_ranges  0x0000000000000070       0x10 ./Core/Src/fsm3.o
 .debug_ranges  0x0000000000000080       0x20 ./Core/Src/input_reading.o
 .debug_ranges  0x00000000000000a0       0x38 ./Core/Src/main.o
 .debug_ranges  0x00000000000000d8       0x20 ./Core/Src/stm32f1xx_hal_msp.o
 .debug_ranges  0x00000000000000f8       0x58 ./Core/Src/stm32f1xx_it.o
 .debug_ranges  0x0000000000000150       0x18 ./Core/Src/system_stm32f1xx.o
 .debug_ranges  0x0000000000000168       0x38 ./Core/Src/timer.o
 .debug_ranges  0x00000000000001a0       0x10 ./Core/Src/updateClockBuffer.o
 .debug_ranges  0x00000000000001b0       0x20 ./Core/Startup/startup_stm32f103c6ux.o
 .debug_ranges  0x00000000000001d0       0xd0 ./Drivers/STM32F1xx_HAL_Driver/Src/stm32f1xx_hal.o
 .debug_ranges  0x00000000000002a0       0xf0 ./Drivers/STM32F1xx_HAL_Driver/Src/stm32f1xx_hal_cortex.o
 .debug_ranges  0x0000000000000390       0x48 ./Drivers/STM32F1xx_HAL_Driver/Src/stm32f1xx_hal_gpio.o
 .debug_ranges  0x00000000000003d8       0x80 ./Drivers/STM32F1xx_HAL_Driver/Src/stm32f1xx_hal_rcc.o
 .debug_ranges  0x0000000000000458      0x3c0 ./Drivers/STM32F1xx_HAL_Driver/Src/stm32f1xx_hal_tim.o
 .debug_ranges  0x0000000000000818      0x158 ./Drivers/STM32F1xx_HAL_Driver/Src/stm32f1xx_hal_tim_ex.o

.debug_macro    0x0000000000000000    0x16d70
 .debug_macro   0x0000000000000000      0x1b1 ./Core/Src/Led7segment.o
 .debug_macro   0x00000000000001b1      0xa9c ./Core/Src/Led7segment.o
 .debug_macro   0x0000000000000c4d      0x215 ./Core/Src/Led7segment.o
 .debug_macro   0x0000000000000e62       0x2e ./Core/Src/Led7segment.o
 .debug_macro   0x0000000000000e90       0x22 ./Core/Src/Led7segment.o
 .debug_macro   0x0000000000000eb2       0x22 ./Core/Src/Led7segment.o
 .debug_macro   0x0000000000000ed4       0x8e ./Core/Src/Led7segment.o
 .debug_macro   0x0000000000000f62       0x51 ./Core/Src/Led7segment.o
 .debug_macro   0x0000000000000fb3      0x103 ./Core/Src/Led7segment.o
 .debug_macro   0x00000000000010b6       0x6a ./Core/Src/Led7segment.o
 .debug_macro   0x0000000000001120      0x1df ./Core/Src/Led7segment.o
 .debug_macro   0x00000000000012ff       0x1c ./Core/Src/Led7segment.o
 .debug_macro   0x000000000000131b       0x22 ./Core/Src/Led7segment.o
 .debug_macro   0x000000000000133d       0xc3 ./Core/Src/Led7segment.o
 .debug_macro   0x0000000000001400      0xd23 ./Core/Src/Led7segment.o
 .debug_macro   0x0000000000002123     0xde75 ./Core/Src/Led7segment.o
 .debug_macro   0x000000000000ff98       0x6d ./Core/Src/Led7segment.o
 .debug_macro   0x0000000000010005     0x3468 ./Core/Src/Led7segment.o
 .debug_macro   0x000000000001346d      0x174 ./Core/Src/Led7segment.o
 .debug_macro   0x00000000000135e1       0x5c ./Core/Src/Led7segment.o
 .debug_macro   0x000000000001363d      0x5be ./Core/Src/Led7segment.o
 .debug_macro   0x0000000000013bfb      0x1b7 ./Core/Src/Led7segment.o
 .debug_macro   0x0000000000013db2      0x1cb ./Core/Src/Led7segment.o
 .debug_macro   0x0000000000013f7d      0x114 ./Core/Src/Led7segment.o
 .debug_macro   0x0000000000014091      0x1b2 ./Core/Src/Led7segment.o
 .debug_macro   0x0000000000014243       0x27 ./Core/Src/Led7segment.o
 .debug_macro   0x000000000001426a      0x12f ./Core/Src/Led7segment.o
 .debug_macro   0x0000000000014399      0x1bc ./Core/Src/Led7segment.o
 .debug_macro   0x0000000000014555       0x34 ./Core/Src/Led7segment.o
 .debug_macro   0x0000000000014589       0x3c ./Core/Src/Led7segment.o
 .debug_macro   0x00000000000145c5       0x57 ./Core/Src/Led7segment.o
 .debug_macro   0x000000000001461c       0x88 ./Core/Src/Led7segment.o
 .debug_macro   0x00000000000146a4      0x183 ./Core/Src/Led7segment.o
 .debug_macro   0x0000000000014827      0x141 ./Core/Src/Led7segment.o
 .debug_macro   0x0000000000014968      0x8d1 ./Core/Src/Led7segment.o
 .debug_macro   0x0000000000015239       0x69 ./Core/Src/Led7segment.o
 .debug_macro   0x00000000000152a2       0x34 ./Core/Src/Led7segment.o
 .debug_macro   0x00000000000152d6      0x1bb ./Core/Src/Update7Seg.o
 .debug_macro   0x0000000000015491      0x1cd ./Core/Src/fsm1.o
 .debug_macro   0x000000000001565e       0x40 ./Core/Src/fsm1.o
 .debug_macro   0x000000000001569e       0x10 ./Core/Src/fsm1.o
 .debug_macro   0x00000000000156ae      0x1cd ./Core/Src/fsm2.o
 .debug_macro   0x000000000001587b      0x1cd ./Core/Src/fsm3.o
 .debug_macro   0x0000000000015a48      0x1c2 ./Core/Src/input_reading.o
 .debug_macro   0x0000000000015c0a      0x205 ./Core/Src/main.o
 .debug_macro   0x0000000000015e0f      0x1a7 ./Core/Src/stm32f1xx_hal_msp.o
 .debug_macro   0x0000000000015fb6      0x1b1 ./Core/Src/stm32f1xx_it.o
 .debug_macro   0x0000000000016167      0x198 ./Core/Src/system_stm32f1xx.o
 .debug_macro   0x00000000000162ff       0x1b ./Core/Src/timer.o
 .debug_macro   0x000000000001631a       0x24 ./Core/Src/updateClockBuffer.o
 .debug_macro   0x000000000001633e      0x1bc ./Drivers/STM32F1xx_HAL_Driver/Src/stm32f1xx_hal.o
 .debug_macro   0x00000000000164fa      0x198 ./Drivers/STM32F1xx_HAL_Driver/Src/stm32f1xx_hal_cortex.o
 .debug_macro   0x0000000000016692      0x203 ./Drivers/STM32F1xx_HAL_Driver/Src/stm32f1xx_hal_gpio.o
 .debug_macro   0x0000000000016895      0x1aa ./Drivers/STM32F1xx_HAL_Driver/Src/stm32f1xx_hal_rcc.o
 .debug_macro   0x0000000000016a3f      0x199 ./Drivers/STM32F1xx_HAL_Driver/Src/stm32f1xx_hal_tim.o
 .debug_macro   0x0000000000016bd8      0x198 ./Drivers/STM32F1xx_HAL_Driver/Src/stm32f1xx_hal_tim_ex.o

.debug_line     0x0000000000000000     0xbe43
 .debug_line    0x0000000000000000      0x6ba ./Core/Src/Led7segment.o
 .debug_line    0x00000000000006ba      0x693 ./Core/Src/Update7Seg.o
 .debug_line    0x0000000000000d4d      0x724 ./Core/Src/fsm1.o
 .debug_line    0x0000000000001471      0x724 ./Core/Src/fsm2.o
 .debug_line    0x0000000000001b95      0x7a1 ./Core/Src/fsm3.o
 .debug_line    0x0000000000002336      0x755 ./Core/Src/input_reading.o
 .debug_line    0x0000000000002a8b      0x809 ./Core/Src/main.o
 .debug_line    0x0000000000003294      0x695 ./Core/Src/stm32f1xx_hal_msp.o
 .debug_line    0x0000000000003929      0x733 ./Core/Src/stm32f1xx_it.o
 .debug_line    0x000000000000405c      0x6d7 ./Core/Src/system_stm32f1xx.o
 .debug_line    0x0000000000004733      0x10b ./Core/Src/timer.o
 .debug_line    0x000000000000483e       0x9b ./Core/Src/updateClockBuffer.o
 .debug_line    0x00000000000048d9       0x87 ./Core/Startup/startup_stm32f103c6ux.o
 .debug_line    0x0000000000004960      0x904 ./Drivers/STM32F1xx_HAL_Driver/Src/stm32f1xx_hal.o
 .debug_line    0x0000000000005264      0xaec ./Drivers/STM32F1xx_HAL_Driver/Src/stm32f1xx_hal_cortex.o
 .debug_line    0x0000000000005d50      0x985 ./Drivers/STM32F1xx_HAL_Driver/Src/stm32f1xx_hal_gpio.o
 .debug_line    0x00000000000066d5      0xd12 ./Drivers/STM32F1xx_HAL_Driver/Src/stm32f1xx_hal_rcc.o
 .debug_line    0x00000000000073e7     0x3262 ./Drivers/STM32F1xx_HAL_Driver/Src/stm32f1xx_hal_tim.o
 .debug_line    0x000000000000a649     0x17fa ./Drivers/STM32F1xx_HAL_Driver/Src/stm32f1xx_hal_tim_ex.o

.debug_str      0x0000000000000000    0x81ff1
 .debug_str     0x0000000000000000    0x7f278 ./Core/Src/Led7segment.o
                                      0x7f5af (size before relaxing)
 .debug_str     0x000000000007f278       0x5a ./Core/Src/Update7Seg.o
                                      0x7f5de (size before relaxing)
 .debug_str     0x000000000007f2d2      0x17e ./Core/Src/fsm1.o
                                      0x7f704 (size before relaxing)
 .debug_str     0x000000000007f450       0x4c ./Core/Src/fsm2.o
                                      0x7f707 (size before relaxing)
 .debug_str     0x000000000007f49c       0x2b ./Core/Src/fsm3.o
                                      0x7f69f (size before relaxing)
 .debug_str     0x000000000007f4c7      0x122 ./Core/Src/input_reading.o
                                      0x7f6e0 (size before relaxing)
 .debug_str     0x000000000007f5e9      0x721 ./Core/Src/main.o
                                      0x7fed0 (size before relaxing)
 .debug_str     0x000000000007fd0a      0x2ba ./Core/Src/stm32f1xx_hal_msp.o
                                      0x7fd64 (size before relaxing)
 .debug_str     0x000000000007ffc4       0xcd ./Core/Src/stm32f1xx_it.o
                                      0x7fac6 (size before relaxing)
 .debug_str     0x0000000000080091       0x52 ./Core/Src/system_stm32f1xx.o
                                      0x7f504 (size before relaxing)
 .debug_str     0x00000000000800e3       0x86 ./Core/Src/timer.o
                                       0x2e14 (size before relaxing)
 .debug_str     0x0000000000080169       0x32 ./Core/Src/updateClockBuffer.o
                                       0x2e78 (size before relaxing)
 .debug_str     0x000000000008019b       0x36 ./Core/Startup/startup_stm32f103c6ux.o
                                         0x6f (size before relaxing)
 .debug_str     0x00000000000801d1      0x304 ./Drivers/STM32F1xx_HAL_Driver/Src/stm32f1xx_hal.o
                                      0x7fb5b (size before relaxing)
 .debug_str     0x00000000000804d5      0x300 ./Drivers/STM32F1xx_HAL_Driver/Src/stm32f1xx_hal_cortex.o
                                      0x7fb63 (size before relaxing)
 .debug_str     0x00000000000807d5      0x311 ./Drivers/STM32F1xx_HAL_Driver/Src/stm32f1xx_hal_gpio.o
                                      0x7f8c8 (size before relaxing)
 .debug_str     0x0000000000080ae6      0x24f ./Drivers/STM32F1xx_HAL_Driver/Src/stm32f1xx_hal_rcc.o
                                      0x7f901 (size before relaxing)
 .debug_str     0x0000000000080d35      0xdce ./Drivers/STM32F1xx_HAL_Driver/Src/stm32f1xx_hal_tim.o
                                      0x808d3 (size before relaxing)
 .debug_str     0x0000000000081b03      0x4ee ./Drivers/STM32F1xx_HAL_Driver/Src/stm32f1xx_hal_tim_ex.o
                                      0x80084 (size before relaxing)

.comment        0x0000000000000000       0x53
 .comment       0x0000000000000000       0x53 ./Core/Src/Led7segment.o
                                         0x54 (size before relaxing)
 .comment       0x0000000000000053       0x54 ./Core/Src/Update7Seg.o
 .comment       0x0000000000000053       0x54 ./Core/Src/fsm1.o
 .comment       0x0000000000000053       0x54 ./Core/Src/fsm2.o
 .comment       0x0000000000000053       0x54 ./Core/Src/fsm3.o
 .comment       0x0000000000000053       0x54 ./Core/Src/input_reading.o
 .comment       0x0000000000000053       0x54 ./Core/Src/main.o
 .comment       0x0000000000000053       0x54 ./Core/Src/stm32f1xx_hal_msp.o
 .comment       0x0000000000000053       0x54 ./Core/Src/stm32f1xx_it.o
 .comment       0x0000000000000053       0x54 ./Core/Src/system_stm32f1xx.o
 .comment       0x0000000000000053       0x54 ./Core/Src/timer.o
 .comment       0x0000000000000053       0x54 ./Core/Src/updateClockBuffer.o
 .comment       0x0000000000000053       0x54 ./Drivers/STM32F1xx_HAL_Driver/Src/stm32f1xx_hal.o
 .comment       0x0000000000000053       0x54 ./Drivers/STM32F1xx_HAL_Driver/Src/stm32f1xx_hal_cortex.o
 .comment       0x0000000000000053       0x54 ./Drivers/STM32F1xx_HAL_Driver/Src/stm32f1xx_hal_gpio.o
 .comment       0x0000000000000053       0x54 ./Drivers/STM32F1xx_HAL_Driver/Src/stm32f1xx_hal_rcc.o
 .comment       0x0000000000000053       0x54 ./Drivers/STM32F1xx_HAL_Driver/Src/stm32f1xx_hal_tim.o
 .comment       0x0000000000000053       0x54 ./Drivers/STM32F1xx_HAL_Driver/Src/stm32f1xx_hal_tim_ex.o

.debug_frame    0x0000000000000000     0x2910
 .debug_frame   0x0000000000000000       0x38 ./Core/Src/Led7segment.o
 .debug_frame   0x0000000000000038       0x34 ./Core/Src/Update7Seg.o
 .debug_frame   0x000000000000006c       0x80 ./Core/Src/fsm1.o
 .debug_frame   0x00000000000000ec       0x80 ./Core/Src/fsm2.o
 .debug_frame   0x000000000000016c       0x38 ./Core/Src/fsm3.o
 .debug_frame   0x00000000000001a4       0x88 ./Core/Src/input_reading.o
 .debug_frame   0x000000000000022c       0xd4 ./Core/Src/main.o
 .debug_frame   0x0000000000000300       0x80 ./Core/Src/stm32f1xx_hal_msp.o
 .debug_frame   0x0000000000000380      0x120 ./Core/Src/stm32f1xx_it.o
 .debug_frame   0x00000000000004a0       0x58 ./Core/Src/system_stm32f1xx.o
 .debug_frame   0x00000000000004f8       0xe8 ./Core/Src/timer.o
 .debug_frame   0x00000000000005e0       0x30 ./Core/Src/updateClockBuffer.o
 .debug_frame   0x0000000000000610      0x334 ./Drivers/STM32F1xx_HAL_Driver/Src/stm32f1xx_hal.o
 .debug_frame   0x0000000000000944      0x428 ./Drivers/STM32F1xx_HAL_Driver/Src/stm32f1xx_hal_cortex.o
 .debug_frame   0x0000000000000d6c      0x14c ./Drivers/STM32F1xx_HAL_Driver/Src/stm32f1xx_hal_gpio.o
 .debug_frame   0x0000000000000eb8      0x21c ./Drivers/STM32F1xx_HAL_Driver/Src/stm32f1xx_hal_rcc.o
 .debug_frame   0x00000000000010d4     0x11b8 ./Drivers/STM32F1xx_HAL_Driver/Src/stm32f1xx_hal_tim.o
 .debug_frame   0x000000000000228c      0x638 ./Drivers/STM32F1xx_HAL_Driver/Src/stm32f1xx_hal_tim_ex.o
 .debug_frame   0x00000000000028c4       0x2c d:/stm32cubeide_1.7.0/stm32cubeide/plugins/com.st.stm32cube.ide.mcu.externaltools.gnu-tools-for-stm32.9-2020-q2-update.win32_2.0.0.202105311346/tools/bin/../lib/gcc/arm-none-eabi/9.3.1/../../../../arm-none-eabi/lib/thumb/v7-m/nofp\libc_nano.a(lib_a-init.o)
 .debug_frame   0x00000000000028f0       0x20 d:/stm32cubeide_1.7.0/stm32cubeide/plugins/com.st.stm32cube.ide.mcu.externaltools.gnu-tools-for-stm32.9-2020-q2-update.win32_2.0.0.202105311346/tools/bin/../lib/gcc/arm-none-eabi/9.3.1/../../../../arm-none-eabi/lib/thumb/v7-m/nofp\libc_nano.a(lib_a-memset.o)
